01:15:50 **** Incremental Build of configuration Debug for project 08_usart_rx_tx_modular ****
make -j8 all 
arm-none-eabi-gcc "../Src/main.c" -mcpu=cortex-m4 -std=gnu11 -g3 -DDEBUG -DSTM32 -DSTM32F4 -DSTM32F407VGTx -c -I../Inc -I"C:/Users/blue/Documents/GitHub/STM32F407-DISCOVERY-Bare-Metal/02_gpio_output_with_f4headers/f4-headers/CMSIS/Include" -I"C:/Users/blue/Documents/GitHub/STM32F407-DISCOVERY-Bare-Metal/02_gpio_output_with_f4headers/f4-headers/CMSIS/Device/ST/STM32F4xx/Include" -O0 -ffunction-sections -fdata-sections -Wall -fstack-usage -MMD -MP -MF"Src/main.d" -MT"Src/main.o" --specs=nano.specs -mfpu=fpv4-sp-d16 -mfloat-abi=hard -mthumb -o "Src/main.o"
arm-none-eabi-gcc "../Src/uart.c" -mcpu=cortex-m4 -std=gnu11 -g3 -DDEBUG -DSTM32 -DSTM32F4 -DSTM32F407VGTx -c -I../Inc -I"C:/Users/blue/Documents/GitHub/STM32F407-DISCOVERY-Bare-Metal/02_gpio_output_with_f4headers/f4-headers/CMSIS/Include" -I"C:/Users/blue/Documents/GitHub/STM32F407-DISCOVERY-Bare-Metal/02_gpio_output_with_f4headers/f4-headers/CMSIS/Device/ST/STM32F4xx/Include" -O0 -ffunction-sections -fdata-sections -Wall -fstack-usage -MMD -MP -MF"Src/uart.d" -MT"Src/uart.o" --specs=nano.specs -mfpu=fpv4-sp-d16 -mfloat-abi=hard -mthumb -o "Src/uart.o"
../Src/main.c: In function 'main':
../Src/main.c:32:36: warning: pointer targets in passing argument 1 of 'strlen' differ in signedness [-Wpointer-sign]
   32 |  usart2_test((uint8_t*)msg, strlen(msg));
      |                                    ^~~
      |                                    |
      |                                    uint8_t * {aka unsigned char *}
In file included from ../Src/main.c:2:
c:\st\stm32cubeide_1.10.1\stm32cubeide\plugins\com.st.stm32cube.ide.mcu.externaltools.gnu-tools-for-stm32.10.3-2021.10.win32_1.0.0.202111181127\tools\arm-none-eabi\include\string.h:41:17: note: expected 'const char *' but argument is of type 'uint8_t *' {aka 'unsigned char *'}
   41 | size_t  strlen (const char *);
      |                 ^~~~~~~~~~~~
arm-none-eabi-gcc -o "08_usart_rx_tx_modular.elf" @"objects.list"   -mcpu=cortex-m4 -T"C:\Users\blue\Documents\GitHub\STM32F407-DISCOVERY-Bare-Metal\08_usart_rx_tx_modular\STM32F407VGTX_FLASH.ld" --specs=nosys.specs -Wl,-Map="08_usart_rx_tx_modular.map" -Wl,--gc-sections -static --specs=nano.specs -mfpu=fpv4-sp-d16 -mfloat-abi=hard -mthumb -Wl,--start-group -lc -lm -Wl,--end-group
Finished building target: 08_usart_rx_tx_modular.elf
 
arm-none-eabi-size   08_usart_rx_tx_modular.elf 
arm-none-eabi-objdump -h -S  08_usart_rx_tx_modular.elf  > "08_usart_rx_tx_modular.list"
   text	   data	    bss	    dec	    hex	filename
   5972	    108	   1588	   7668	   1df4	08_usart_rx_tx_modular.elf
Finished building: default.size.stdout
 
Finished building: 08_usart_rx_tx_modular.list
 

01:15:51 Build Finished. 0 errors, 1 warnings. (took 677ms)

