00:51:04 **** Build of configuration Debug for project 05_uart_tx ****
make -j8 all 
arm-none-eabi-gcc -mcpu=cortex-m4 -g3 -DDEBUG -c -x assembler-with-cpp -MMD -MP -MF"Startup/startup_stm32f407vgtx.d" -MT"Startup/startup_stm32f407vgtx.o" --specs=nano.specs -mfpu=fpv4-sp-d16 -mfloat-abi=hard -mthumb -o "Startup/startup_stm32f407vgtx.o" "../Startup/startup_stm32f407vgtx.s"
arm-none-eabi-gcc "../Src/main.c" -mcpu=cortex-m4 -std=gnu11 -g3 -DDEBUG -DSTM32 -DSTM32F4 -DSTM32F407VGTx -c -I../Inc -I"C:/Users/blue/Desktop/stm32/f407_bare_metal/f4-headers/CMSIS/Include" -I"C:/Users/blue/Desktop/stm32/f407_bare_metal/f4-headers/CMSIS/Device/ST/STM32F4xx/Include" -O0 -ffunction-sections -fdata-sections -Wall -fstack-usage -MMD -MP -MF"Src/main.d" -MT"Src/main.o" --specs=nano.specs -mfpu=fpv4-sp-d16 -mfloat-abi=hard -mthumb -o "Src/main.o"
arm-none-eabi-gcc "../Src/syscalls.c" -mcpu=cortex-m4 -std=gnu11 -g3 -DDEBUG -DSTM32 -DSTM32F4 -DSTM32F407VGTx -c -I../Inc -I"C:/Users/blue/Desktop/stm32/f407_bare_metal/f4-headers/CMSIS/Include" -I"C:/Users/blue/Desktop/stm32/f407_bare_metal/f4-headers/CMSIS/Device/ST/STM32F4xx/Include" -O0 -ffunction-sections -fdata-sections -Wall -fstack-usage -MMD -MP -MF"Src/syscalls.d" -MT"Src/syscalls.o" --specs=nano.specs -mfpu=fpv4-sp-d16 -mfloat-abi=hard -mthumb -o "Src/syscalls.o"
arm-none-eabi-gcc "../Src/sysmem.c" -mcpu=cortex-m4 -std=gnu11 -g3 -DDEBUG -DSTM32 -DSTM32F4 -DSTM32F407VGTx -c -I../Inc -I"C:/Users/blue/Desktop/stm32/f407_bare_metal/f4-headers/CMSIS/Include" -I"C:/Users/blue/Desktop/stm32/f407_bare_metal/f4-headers/CMSIS/Device/ST/STM32F4xx/Include" -O0 -ffunction-sections -fdata-sections -Wall -fstack-usage -MMD -MP -MF"Src/sysmem.d" -MT"Src/sysmem.o" --specs=nano.specs -mfpu=fpv4-sp-d16 -mfloat-abi=hard -mthumb -o "Src/sysmem.o"
../Src/main.c: In function 'main':
../Src/main.c:33:15: warning: passing argument 1 of 'uart1_write' makes integer from pointer without a cast [-Wint-conversion]
   33 |   uart1_write("H");
      |               ^~~
      |               |
      |               char *
../Src/main.c:23:22: note: expected 'int' but argument is of type 'char *'
   23 | void uart1_write(int ch);
      |                  ~~~~^~
arm-none-eabi-gcc -o "05_uart_tx.elf" @"objects.list"   -mcpu=cortex-m4 -T"C:\Users\blue\Desktop\stm32\f407_bare_metal\05_uart_tx\STM32F407VGTX_FLASH.ld" --specs=nosys.specs -Wl,-Map="05_uart_tx.map" -Wl,--gc-sections -static --specs=nano.specs -mfpu=fpv4-sp-d16 -mfloat-abi=hard -mthumb -Wl,--start-group -lc -lm -Wl,--end-group
Finished building target: 05_uart_tx.elf
 
arm-none-eabi-size   05_uart_tx.elf 
arm-none-eabi-objdump -h -S  05_uart_tx.elf  > "05_uart_tx.list"
arm-none-eabi-objcopy  -O binary  05_uart_tx.elf  "05_uart_tx.bin"
   text	   data	    bss	    dec	    hex	filename
    996	      8	   1568	   2572	    a0c	05_uart_tx.elf
Finished building: default.size.stdout
 
Finished building: 05_uart_tx.bin
Finished building: 05_uart_tx.list
 
 
00:51:09 **** Incremental Build of configuration Debug for project 05_uart_tx ****
make -j8 all 
arm-none-eabi-size   05_uart_tx.elf 
   text	   data	    bss	    dec	    hex	filename
    996	      8	   1568	   2572	    a0c	05_uart_tx.elf
Finished building: default.size.stdout
 
00:57:56 **** Incremental Build of configuration Debug for project 00_led_toggle ****
make -j8 all 
arm-none-eabi-size   00_led_toggle.elf 
   text	   data	    bss	    dec	    hex	filename
    880	      8	   1568	   2456	    998	00_led_toggle.elf
Finished building: default.size.stdout
 
00:57:56 **** Incremental Build of configuration Debug for project 01_read_user_button ****
make -j8 all 
arm-none-eabi-size   01_read_user_button.elf 
   text	   data	    bss	    dec	    hex	filename
    924	      8	   1568	   2500	    9c4	01_read_user_button.elf
Finished building: default.size.stdout
 
00:57:56 **** Incremental Build of configuration Debug for project 02_gpio_output_with_headers ****
make -j8 all 
arm-none-eabi-size   02_gpio_output_with_headers.elf 
   text	   data	    bss	    dec	    hex	filename
    876	      8	   1568	   2452	    994	02_gpio_output_with_headers.elf
Finished building: default.size.stdout
 
00:57:57 **** Incremental Build of configuration Debug for project 03_gpio_bsrr ****
make -j8 all 
arm-none-eabi-size   03_gpio_bsrr.elf 
   text	   data	    bss	    dec	    hex	filename
    912	      8	   1568	   2488	    9b8	03_gpio_bsrr.elf
Finished building: default.size.stdout
 
00:57:57 **** Incremental Build of configuration Debug for project 04_gpio_input ****
make -j8 all 
arm-none-eabi-size   04_gpio_input.elf 
   text	   data	    bss	    dec	    hex	filename
    872	      8	   1568	   2448	    990	04_gpio_input.elf
Finished building: default.size.stdout
 
00:57:57 **** Incremental Build of configuration Debug for project 05_uart_tx ****
make -j8 all 
arm-none-eabi-gcc "../Src/main.c" -mcpu=cortex-m4 -std=gnu11 -g3 -DDEBUG -DSTM32 -DSTM32F4 -DSTM32F407VGTx -c -I../Inc -I"C:/Users/blue/Desktop/stm32/f407_bare_metal/f4-headers/CMSIS/Include" -I"C:/Users/blue/Desktop/stm32/f407_bare_metal/f4-headers/CMSIS/Device/ST/STM32F4xx/Include" -O0 -ffunction-sections -fdata-sections -Wall -fstack-usage -MMD -MP -MF"Src/main.d" -MT"Src/main.o" --specs=nano.specs -mfpu=fpv4-sp-d16 -mfloat-abi=hard -mthumb -o "Src/main.o"
arm-none-eabi-gcc -o "05_uart_tx.elf" @"objects.list"   -mcpu=cortex-m4 -T"C:\Users\blue\Desktop\stm32\f407_bare_metal\05_uart_tx\STM32F407VGTX_FLASH.ld" --specs=nosys.specs -Wl,-Map="05_uart_tx.map" -Wl,--gc-sections -static --specs=nano.specs -mfpu=fpv4-sp-d16 -mfloat-abi=hard -mthumb -Wl,--start-group -lc -lm -Wl,--end-group
Finished building target: 05_uart_tx.elf
 
arm-none-eabi-size   05_uart_tx.elf 
arm-none-eabi-objdump -h -S  05_uart_tx.elf  > "05_uart_tx.list"
arm-none-eabi-objcopy  -O binary  05_uart_tx.elf  "05_uart_tx.bin"
   text	   data	    bss	    dec	    hex	filename
    988	      8	   1568	   2564	    a04	05_uart_tx.elf
Finished building: default.size.stdout
 
Finished building: 05_uart_tx.bin
Finished building: 05_uart_tx.list
 
 
00:58:05 **** Incremental Build of configuration Debug for project 05_uart_tx ****
make -j8 all 
arm-none-eabi-size   05_uart_tx.elf 
   text	   data	    bss	    dec	    hex	filename
    988	      8	   1568	   2564	    a04	05_uart_tx.elf
Finished building: default.size.stdout
 
01:02:45 **** Incremental Build of configuration Debug for project 00_led_toggle ****
make -j8 all 
arm-none-eabi-size   00_led_toggle.elf 
   text	   data	    bss	    dec	    hex	filename
    880	      8	   1568	   2456	    998	00_led_toggle.elf
Finished building: default.size.stdout
 
01:02:46 **** Incremental Build of configuration Debug for project 01_read_user_button ****
make -j8 all 
arm-none-eabi-size   01_read_user_button.elf 
   text	   data	    bss	    dec	    hex	filename
    924	      8	   1568	   2500	    9c4	01_read_user_button.elf
Finished building: default.size.stdout
 
01:02:46 **** Incremental Build of configuration Debug for project 02_gpio_output_with_headers ****
make -j8 all 
arm-none-eabi-size   02_gpio_output_with_headers.elf 
   text	   data	    bss	    dec	    hex	filename
    876	      8	   1568	   2452	    994	02_gpio_output_with_headers.elf
Finished building: default.size.stdout
 
01:02:46 **** Incremental Build of configuration Debug for project 03_gpio_bsrr ****
make -j8 all 
arm-none-eabi-size   03_gpio_bsrr.elf 
   text	   data	    bss	    dec	    hex	filename
    912	      8	   1568	   2488	    9b8	03_gpio_bsrr.elf
Finished building: default.size.stdout
 
01:02:46 **** Incremental Build of configuration Debug for project 04_gpio_input ****
make -j8 all 
arm-none-eabi-size   04_gpio_input.elf 
   text	   data	    bss	    dec	    hex	filename
    872	      8	   1568	   2448	    990	04_gpio_input.elf
Finished building: default.size.stdout
 
01:02:47 **** Incremental Build of configuration Debug for project 05_uart_tx ****
make -j8 all 
arm-none-eabi-gcc "../Src/main.c" -mcpu=cortex-m4 -std=gnu11 -g3 -DDEBUG -DSTM32 -DSTM32F4 -DSTM32F407VGTx -c -I../Inc -I"C:/Users/blue/Desktop/stm32/f407_bare_metal/f4-headers/CMSIS/Include" -I"C:/Users/blue/Desktop/stm32/f407_bare_metal/f4-headers/CMSIS/Device/ST/STM32F4xx/Include" -O0 -ffunction-sections -fdata-sections -Wall -fstack-usage -MMD -MP -MF"Src/main.d" -MT"Src/main.o" --specs=nano.specs -mfpu=fpv4-sp-d16 -mfloat-abi=hard -mthumb -o "Src/main.o"
arm-none-eabi-gcc -o "05_uart_tx.elf" @"objects.list"   -mcpu=cortex-m4 -T"C:\Users\blue\Desktop\stm32\f407_bare_metal\05_uart_tx\STM32F407VGTX_FLASH.ld" --specs=nosys.specs -Wl,-Map="05_uart_tx.map" -Wl,--gc-sections -static --specs=nano.specs -mfpu=fpv4-sp-d16 -mfloat-abi=hard -mthumb -Wl,--start-group -lc -lm -Wl,--end-group
Finished building target: 05_uart_tx.elf
 
arm-none-eabi-size   05_uart_tx.elf 
arm-none-eabi-objdump -h -S  05_uart_tx.elf  > "05_uart_tx.list"
arm-none-eabi-objcopy  -O binary  05_uart_tx.elf  "05_uart_tx.bin"
   text	   data	    bss	    dec	    hex	filename
   1004	      8	   1568	   2580	    a14	05_uart_tx.elf
Finished building: default.size.stdout
 
Finished building: 05_uart_tx.bin
Finished building: 05_uart_tx.list
 
 
01:02:52 **** Incremental Build of configuration Debug for project 05_uart_tx ****
make -j8 all 
arm-none-eabi-size   05_uart_tx.elf 
   text	   data	    bss	    dec	    hex	filename
   1004	      8	   1568	   2580	    a14	05_uart_tx.elf
Finished building: default.size.stdout
 
01:25:02 **** Incremental Build of configuration Debug for project 00_led_toggle ****
make -j8 all 
arm-none-eabi-size   00_led_toggle.elf 
   text	   data	    bss	    dec	    hex	filename
    880	      8	   1568	   2456	    998	00_led_toggle.elf
Finished building: default.size.stdout
 
01:25:02 **** Incremental Build of configuration Debug for project 01_read_user_button ****
make -j8 all 
arm-none-eabi-size   01_read_user_button.elf 
   text	   data	    bss	    dec	    hex	filename
    924	      8	   1568	   2500	    9c4	01_read_user_button.elf
Finished building: default.size.stdout
 
01:25:02 **** Incremental Build of configuration Debug for project 02_gpio_output_with_headers ****
make -j8 all 
arm-none-eabi-size   02_gpio_output_with_headers.elf 
   text	   data	    bss	    dec	    hex	filename
    876	      8	   1568	   2452	    994	02_gpio_output_with_headers.elf
Finished building: default.size.stdout
 
01:25:03 **** Incremental Build of configuration Debug for project 03_gpio_bsrr ****
make -j8 all 
arm-none-eabi-size   03_gpio_bsrr.elf 
   text	   data	    bss	    dec	    hex	filename
    912	      8	   1568	   2488	    9b8	03_gpio_bsrr.elf
Finished building: default.size.stdout
 
01:25:03 **** Incremental Build of configuration Debug for project 04_gpio_input ****
make -j8 all 
arm-none-eabi-size   04_gpio_input.elf 
   text	   data	    bss	    dec	    hex	filename
    872	      8	   1568	   2448	    990	04_gpio_input.elf
Finished building: default.size.stdout
 
01:25:03 **** Incremental Build of configuration Debug for project 05_uart_tx ****
make -j8 all 
arm-none-eabi-gcc "../Src/main.c" -mcpu=cortex-m4 -std=gnu11 -g3 -DDEBUG -DSTM32 -DSTM32F4 -DSTM32F407VGTx -c -I../Inc -I"C:/Users/blue/Desktop/stm32/f407_bare_metal/f4-headers/CMSIS/Include" -I"C:/Users/blue/Desktop/stm32/f407_bare_metal/f4-headers/CMSIS/Device/ST/STM32F4xx/Include" -O0 -ffunction-sections -fdata-sections -Wall -fstack-usage -MMD -MP -MF"Src/main.d" -MT"Src/main.o" --specs=nano.specs -mfpu=fpv4-sp-d16 -mfloat-abi=hard -mthumb -o "Src/main.o"
arm-none-eabi-gcc -o "05_uart_tx.elf" @"objects.list"   -mcpu=cortex-m4 -T"C:\Users\blue\Desktop\stm32\f407_bare_metal\05_uart_tx\STM32F407VGTX_FLASH.ld" --specs=nosys.specs -Wl,-Map="05_uart_tx.map" -Wl,--gc-sections -static --specs=nano.specs -mfpu=fpv4-sp-d16 -mfloat-abi=hard -mthumb -Wl,--start-group -lc -lm -Wl,--end-group
Finished building target: 05_uart_tx.elf
 
arm-none-eabi-size   05_uart_tx.elf 
arm-none-eabi-objdump -h -S  05_uart_tx.elf  > "05_uart_tx.list"
arm-none-eabi-objcopy  -O binary  05_uart_tx.elf  "05_uart_tx.bin"
   text	   data	    bss	    dec	    hex	filename
   1004	      8	   1568	   2580	    a14	05_uart_tx.elf
Finished building: default.size.stdout
 
Finished building: 05_uart_tx.bin
Finished building: 05_uart_tx.list
 
 
01:28:40 **** Incremental Build of configuration Debug for project 00_led_toggle ****
make -j8 all 
arm-none-eabi-size   00_led_toggle.elf 
   text	   data	    bss	    dec	    hex	filename
    880	      8	   1568	   2456	    998	00_led_toggle.elf
Finished building: default.size.stdout
 
01:28:40 **** Incremental Build of configuration Debug for project 01_read_user_button ****
make -j8 all 
arm-none-eabi-size   01_read_user_button.elf 
   text	   data	    bss	    dec	    hex	filename
    924	      8	   1568	   2500	    9c4	01_read_user_button.elf
Finished building: default.size.stdout
 
01:28:40 **** Incremental Build of configuration Debug for project 02_gpio_output_with_headers ****
make -j8 all 
arm-none-eabi-size   02_gpio_output_with_headers.elf 
   text	   data	    bss	    dec	    hex	filename
    876	      8	   1568	   2452	    994	02_gpio_output_with_headers.elf
Finished building: default.size.stdout
 
01:28:41 **** Incremental Build of configuration Debug for project 03_gpio_bsrr ****
make -j8 all 
arm-none-eabi-size   03_gpio_bsrr.elf 
   text	   data	    bss	    dec	    hex	filename
    912	      8	   1568	   2488	    9b8	03_gpio_bsrr.elf
Finished building: default.size.stdout
 
01:28:41 **** Incremental Build of configuration Debug for project 04_gpio_input ****
make -j8 all 
arm-none-eabi-size   04_gpio_input.elf 
   text	   data	    bss	    dec	    hex	filename
    872	      8	   1568	   2448	    990	04_gpio_input.elf
Finished building: default.size.stdout
 
01:28:41 **** Incremental Build of configuration Debug for project 05_uart_tx ****
make -j8 all 
arm-none-eabi-gcc "../Src/main.c" -mcpu=cortex-m4 -std=gnu11 -g3 -DDEBUG -DSTM32 -DSTM32F4 -DSTM32F407VGTx -c -I../Inc -I"C:/Users/blue/Desktop/stm32/f407_bare_metal/f4-headers/CMSIS/Include" -I"C:/Users/blue/Desktop/stm32/f407_bare_metal/f4-headers/CMSIS/Device/ST/STM32F4xx/Include" -O0 -ffunction-sections -fdata-sections -Wall -fstack-usage -MMD -MP -MF"Src/main.d" -MT"Src/main.o" --specs=nano.specs -mfpu=fpv4-sp-d16 -mfloat-abi=hard -mthumb -o "Src/main.o"
arm-none-eabi-gcc -o "05_uart_tx.elf" @"objects.list"   -mcpu=cortex-m4 -T"C:\Users\blue\Desktop\stm32\f407_bare_metal\05_uart_tx\STM32F407VGTX_FLASH.ld" --specs=nosys.specs -Wl,-Map="05_uart_tx.map" -Wl,--gc-sections -static --specs=nano.specs -mfpu=fpv4-sp-d16 -mfloat-abi=hard -mthumb -Wl,--start-group -lc -lm -Wl,--end-group
Finished building target: 05_uart_tx.elf
 
arm-none-eabi-size   05_uart_tx.elf 
arm-none-eabi-objdump -h -S  05_uart_tx.elf  > "05_uart_tx.list"
arm-none-eabi-objcopy  -O binary  05_uart_tx.elf  "05_uart_tx.bin"
   text	   data	    bss	    dec	    hex	filename
   1004	      8	   1568	   2580	    a14	05_uart_tx.elf
Finished building: default.size.stdout
 
Finished building: 05_uart_tx.bin
Finished building: 05_uart_tx.list
 
 
01:28:50 **** Incremental Build of configuration Debug for project 05_uart_tx ****
make -j8 all 
arm-none-eabi-size   05_uart_tx.elf 
   text	   data	    bss	    dec	    hex	filename
   1004	      8	   1568	   2580	    a14	05_uart_tx.elf
Finished building: default.size.stdout
 
01:35:59 **** Incremental Build of configuration Debug for project 00_led_toggle ****
make -j8 all 
arm-none-eabi-size   00_led_toggle.elf 
   text	   data	    bss	    dec	    hex	filename
    880	      8	   1568	   2456	    998	00_led_toggle.elf
Finished building: default.size.stdout
 
01:35:59 **** Incremental Build of configuration Debug for project 01_read_user_button ****
make -j8 all 
arm-none-eabi-size   01_read_user_button.elf 
   text	   data	    bss	    dec	    hex	filename
    924	      8	   1568	   2500	    9c4	01_read_user_button.elf
Finished building: default.size.stdout
 
01:35:59 **** Incremental Build of configuration Debug for project 02_gpio_output_with_headers ****
make -j8 all 
arm-none-eabi-size   02_gpio_output_with_headers.elf 
   text	   data	    bss	    dec	    hex	filename
    876	      8	   1568	   2452	    994	02_gpio_output_with_headers.elf
Finished building: default.size.stdout
 
01:35:59 **** Incremental Build of configuration Debug for project 03_gpio_bsrr ****
make -j8 all 
arm-none-eabi-size   03_gpio_bsrr.elf 
   text	   data	    bss	    dec	    hex	filename
    912	      8	   1568	   2488	    9b8	03_gpio_bsrr.elf
Finished building: default.size.stdout
 
01:36:00 **** Incremental Build of configuration Debug for project 04_gpio_input ****
make -j8 all 
arm-none-eabi-size   04_gpio_input.elf 
   text	   data	    bss	    dec	    hex	filename
    872	      8	   1568	   2448	    990	04_gpio_input.elf
Finished building: default.size.stdout
 
01:36:00 **** Incremental Build of configuration Debug for project 05_uart_tx ****
make -j8 all 
arm-none-eabi-gcc "../Src/main.c" -mcpu=cortex-m4 -std=gnu11 -g3 -DDEBUG -DSTM32 -DSTM32F4 -DSTM32F407VGTx -c -I../Inc -I"C:/Users/blue/Desktop/stm32/f407_bare_metal/f4-headers/CMSIS/Include" -I"C:/Users/blue/Desktop/stm32/f407_bare_metal/f4-headers/CMSIS/Device/ST/STM32F4xx/Include" -O0 -ffunction-sections -fdata-sections -Wall -fstack-usage -MMD -MP -MF"Src/main.d" -MT"Src/main.o" --specs=nano.specs -mfpu=fpv4-sp-d16 -mfloat-abi=hard -mthumb -o "Src/main.o"
../Src/main.c:90:13: warning: 'uart_set_baudrate' defined but not used [-Wunused-function]
   90 | static void uart_set_baudrate(USART_TypeDef *USARTx, uint32_t periph_clk, uint32_t baud_rate)
      |             ^~~~~~~~~~~~~~~~~
arm-none-eabi-gcc -o "05_uart_tx.elf" @"objects.list"   -mcpu=cortex-m4 -T"C:\Users\blue\Desktop\stm32\f407_bare_metal\05_uart_tx\STM32F407VGTX_FLASH.ld" --specs=nosys.specs -Wl,-Map="05_uart_tx.map" -Wl,--gc-sections -static --specs=nano.specs -mfpu=fpv4-sp-d16 -mfloat-abi=hard -mthumb -Wl,--start-group -lc -lm -Wl,--end-group
Finished building target: 05_uart_tx.elf
 
arm-none-eabi-size   05_uart_tx.elf 
arm-none-eabi-objdump -h -S  05_uart_tx.elf  > "05_uart_tx.list"
arm-none-eabi-objcopy  -O binary  05_uart_tx.elf  "05_uart_tx.bin"
   text	   data	    bss	    dec	    hex	filename
    924	      8	   1568	   2500	    9c4	05_uart_tx.elf
Finished building: default.size.stdout
 
Finished building: 05_uart_tx.bin
Finished building: 05_uart_tx.list
 
 
01:36:07 **** Incremental Build of configuration Debug for project 05_uart_tx ****
make -j8 all 
arm-none-eabi-size   05_uart_tx.elf 
   text	   data	    bss	    dec	    hex	filename
    924	      8	   1568	   2500	    9c4	05_uart_tx.elf
Finished building: default.size.stdout
 
01:44:00 **** Incremental Build of configuration Debug for project 00_led_toggle ****
make -j8 all 
arm-none-eabi-size   00_led_toggle.elf 
   text	   data	    bss	    dec	    hex	filename
    880	      8	   1568	   2456	    998	00_led_toggle.elf
Finished building: default.size.stdout
 
01:44:00 **** Incremental Build of configuration Debug for project 01_read_user_button ****
make -j8 all 
arm-none-eabi-size   01_read_user_button.elf 
   text	   data	    bss	    dec	    hex	filename
    924	      8	   1568	   2500	    9c4	01_read_user_button.elf
Finished building: default.size.stdout
 
01:44:01 **** Incremental Build of configuration Debug for project 02_gpio_output_with_headers ****
make -j8 all 
arm-none-eabi-size   02_gpio_output_with_headers.elf 
   text	   data	    bss	    dec	    hex	filename
    876	      8	   1568	   2452	    994	02_gpio_output_with_headers.elf
Finished building: default.size.stdout
 
01:44:01 **** Incremental Build of configuration Debug for project 03_gpio_bsrr ****
make -j8 all 
arm-none-eabi-size   03_gpio_bsrr.elf 
   text	   data	    bss	    dec	    hex	filename
    912	      8	   1568	   2488	    9b8	03_gpio_bsrr.elf
Finished building: default.size.stdout
 
01:44:01 **** Incremental Build of configuration Debug for project 04_gpio_input ****
make -j8 all 
arm-none-eabi-size   04_gpio_input.elf 
   text	   data	    bss	    dec	    hex	filename
    872	      8	   1568	   2448	    990	04_gpio_input.elf
Finished building: default.size.stdout
 
01:44:01 **** Incremental Build of configuration Debug for project 05_uart_tx ****
make -j8 all 
arm-none-eabi-gcc "../Src/main.c" -mcpu=cortex-m4 -std=gnu11 -g3 -DDEBUG -DSTM32 -DSTM32F4 -DSTM32F407VGTx -c -I../Inc -I"C:/Users/blue/Desktop/stm32/f407_bare_metal/f4-headers/CMSIS/Include" -I"C:/Users/blue/Desktop/stm32/f407_bare_metal/f4-headers/CMSIS/Device/ST/STM32F4xx/Include" -O0 -ffunction-sections -fdata-sections -Wall -fstack-usage -MMD -MP -MF"Src/main.d" -MT"Src/main.o" --specs=nano.specs -mfpu=fpv4-sp-d16 -mfloat-abi=hard -mthumb -o "Src/main.o"
../Src/main.c:91:13: warning: 'uart_set_baudrate' defined but not used [-Wunused-function]
   91 | static void uart_set_baudrate(USART_TypeDef *USARTx, uint32_t periph_clk, uint32_t baud_rate)
      |             ^~~~~~~~~~~~~~~~~
arm-none-eabi-gcc -o "05_uart_tx.elf" @"objects.list"   -mcpu=cortex-m4 -T"C:\Users\blue\Desktop\stm32\f407_bare_metal\05_uart_tx\STM32F407VGTX_FLASH.ld" --specs=nosys.specs -Wl,-Map="05_uart_tx.map" -Wl,--gc-sections -static --specs=nano.specs -mfpu=fpv4-sp-d16 -mfloat-abi=hard -mthumb -Wl,--start-group -lc -lm -Wl,--end-group
Finished building target: 05_uart_tx.elf
 
arm-none-eabi-size   05_uart_tx.elf 
arm-none-eabi-objdump -h -S  05_uart_tx.elf  > "05_uart_tx.list"
arm-none-eabi-objcopy  -O binary  05_uart_tx.elf  "05_uart_tx.bin"
   text	   data	    bss	    dec	    hex	filename
    924	      8	   1568	   2500	    9c4	05_uart_tx.elf
Finished building: default.size.stdout
 
Finished building: 05_uart_tx.bin
Finished building: 05_uart_tx.list
 
 
01:44:12 **** Incremental Build of configuration Debug for project 05_uart_tx ****
make -j8 all 
arm-none-eabi-size   05_uart_tx.elf 
   text	   data	    bss	    dec	    hex	filename
    924	      8	   1568	   2500	    9c4	05_uart_tx.elf
Finished building: default.size.stdout
 
01:45:36 **** Incremental Build of configuration Debug for project 00_led_toggle ****
make -j8 all 
arm-none-eabi-size   00_led_toggle.elf 
   text	   data	    bss	    dec	    hex	filename
    880	      8	   1568	   2456	    998	00_led_toggle.elf
Finished building: default.size.stdout
 
01:45:37 **** Incremental Build of configuration Debug for project 01_read_user_button ****
make -j8 all 
arm-none-eabi-size   01_read_user_button.elf 
   text	   data	    bss	    dec	    hex	filename
    924	      8	   1568	   2500	    9c4	01_read_user_button.elf
Finished building: default.size.stdout
 
01:45:37 **** Incremental Build of configuration Debug for project 02_gpio_output_with_headers ****
make -j8 all 
arm-none-eabi-size   02_gpio_output_with_headers.elf 
   text	   data	    bss	    dec	    hex	filename
    876	      8	   1568	   2452	    994	02_gpio_output_with_headers.elf
Finished building: default.size.stdout
 
01:45:37 **** Incremental Build of configuration Debug for project 03_gpio_bsrr ****
make -j8 all 
arm-none-eabi-size   03_gpio_bsrr.elf 
   text	   data	    bss	    dec	    hex	filename
    912	      8	   1568	   2488	    9b8	03_gpio_bsrr.elf
Finished building: default.size.stdout
 
01:45:37 **** Incremental Build of configuration Debug for project 04_gpio_input ****
make -j8 all 
arm-none-eabi-size   04_gpio_input.elf 
   text	   data	    bss	    dec	    hex	filename
    872	      8	   1568	   2448	    990	04_gpio_input.elf
Finished building: default.size.stdout
 
01:45:38 **** Incremental Build of configuration Debug for project 05_uart_tx ****
make -j8 all 
arm-none-eabi-gcc "../Src/main.c" -mcpu=cortex-m4 -std=gnu11 -g3 -DDEBUG -DSTM32 -DSTM32F4 -DSTM32F407VGTx -c -I../Inc -I"C:/Users/blue/Desktop/stm32/f407_bare_metal/f4-headers/CMSIS/Include" -I"C:/Users/blue/Desktop/stm32/f407_bare_metal/f4-headers/CMSIS/Device/ST/STM32F4xx/Include" -O0 -ffunction-sections -fdata-sections -Wall -fstack-usage -MMD -MP -MF"Src/main.d" -MT"Src/main.o" --specs=nano.specs -mfpu=fpv4-sp-d16 -mfloat-abi=hard -mthumb -o "Src/main.o"
../Src/main.c:91:13: warning: 'uart_set_baudrate' defined but not used [-Wunused-function]
   91 | static void uart_set_baudrate(USART_TypeDef *USARTx, uint32_t periph_clk, uint32_t baud_rate)
      |             ^~~~~~~~~~~~~~~~~
arm-none-eabi-gcc -o "05_uart_tx.elf" @"objects.list"   -mcpu=cortex-m4 -T"C:\Users\blue\Desktop\stm32\f407_bare_metal\05_uart_tx\STM32F407VGTX_FLASH.ld" --specs=nosys.specs -Wl,-Map="05_uart_tx.map" -Wl,--gc-sections -static --specs=nano.specs -mfpu=fpv4-sp-d16 -mfloat-abi=hard -mthumb -Wl,--start-group -lc -lm -Wl,--end-group
Finished building target: 05_uart_tx.elf
 
arm-none-eabi-size   05_uart_tx.elf 
arm-none-eabi-objdump -h -S  05_uart_tx.elf  > "05_uart_tx.list"
arm-none-eabi-objcopy  -O binary  05_uart_tx.elf  "05_uart_tx.bin"
   text	   data	    bss	    dec	    hex	filename
    924	      8	   1568	   2500	    9c4	05_uart_tx.elf
Finished building: default.size.stdout
 
Finished building: 05_uart_tx.bin
Finished building: 05_uart_tx.list
 
 
01:45:43 **** Incremental Build of configuration Debug for project 05_uart_tx ****
make -j8 all 
arm-none-eabi-size   05_uart_tx.elf 
   text	   data	    bss	    dec	    hex	filename
    924	      8	   1568	   2500	    9c4	05_uart_tx.elf
Finished building: default.size.stdout
 
20:53:01 **** Incremental Build of configuration Debug for project 00_led_toggle ****
make -j8 all 
arm-none-eabi-size   00_led_toggle.elf 
   text	   data	    bss	    dec	    hex	filename
    880	      8	   1568	   2456	    998	00_led_toggle.elf
Finished building: default.size.stdout
 
20:53:04 **** Incremental Build of configuration Debug for project 01_read_user_button ****
make -j8 all 
arm-none-eabi-size   01_read_user_button.elf 
   text	   data	    bss	    dec	    hex	filename
    924	      8	   1568	   2500	    9c4	01_read_user_button.elf
Finished building: default.size.stdout
 
20:53:04 **** Incremental Build of configuration Debug for project 02_gpio_output_with_headers ****
make -j8 all 
arm-none-eabi-size   02_gpio_output_with_headers.elf 
   text	   data	    bss	    dec	    hex	filename
    876	      8	   1568	   2452	    994	02_gpio_output_with_headers.elf
Finished building: default.size.stdout
 
20:53:04 **** Incremental Build of configuration Debug for project 03_gpio_bsrr ****
make -j8 all 
arm-none-eabi-size   03_gpio_bsrr.elf 
   text	   data	    bss	    dec	    hex	filename
    912	      8	   1568	   2488	    9b8	03_gpio_bsrr.elf
Finished building: default.size.stdout
 
20:53:05 **** Incremental Build of configuration Debug for project 04_gpio_input ****
make -j8 all 
arm-none-eabi-size   04_gpio_input.elf 
   text	   data	    bss	    dec	    hex	filename
    872	      8	   1568	   2448	    990	04_gpio_input.elf
Finished building: default.size.stdout
 
20:53:05 **** Build of configuration Debug for project 05_uart_tx ****
make -j8 all 
arm-none-eabi-gcc -mcpu=cortex-m3 -g3 -DDEBUG -c -x assembler-with-cpp -MMD -MP -MF"Startup/startup_stm32f103c8tx.d" -MT"Startup/startup_stm32f103c8tx.o" --specs=nano.specs -mfloat-abi=soft -mthumb -o "Startup/startup_stm32f103c8tx.o" "../Startup/startup_stm32f103c8tx.s"
arm-none-eabi-gcc "../Src/main.c" -mcpu=cortex-m3 -std=gnu11 -g3 -DDEBUG -DSTM32 -DSTM32F1 -DSTM32F103C8Tx -c -I../Inc -I"C:/Users/blue/Desktop/stm32/f407_bare_metal/f4-headers/CMSIS/Include" -I"C:/Users/blue/Desktop/stm32/f407_bare_metal/f4-headers/CMSIS/Device/ST/STM32F4xx/Include" -O0 -ffunction-sections -fdata-sections -Wall -fstack-usage -MMD -MP -MF"Src/main.d" -MT"Src/main.o" --specs=nano.specs -mfloat-abi=soft -mthumb -o "Src/main.o"
arm-none-eabi-gcc "../Src/syscalls.c" -mcpu=cortex-m3 -std=gnu11 -g3 -DDEBUG -DSTM32 -DSTM32F1 -DSTM32F103C8Tx -c -I../Inc -I"C:/Users/blue/Desktop/stm32/f407_bare_metal/f4-headers/CMSIS/Include" -I"C:/Users/blue/Desktop/stm32/f407_bare_metal/f4-headers/CMSIS/Device/ST/STM32F4xx/Include" -O0 -ffunction-sections -fdata-sections -Wall -fstack-usage -MMD -MP -MF"Src/syscalls.d" -MT"Src/syscalls.o" --specs=nano.specs -mfloat-abi=soft -mthumb -o "Src/syscalls.o"
arm-none-eabi-gcc "../Src/sysmem.c" -mcpu=cortex-m3 -std=gnu11 -g3 -DDEBUG -DSTM32 -DSTM32F1 -DSTM32F103C8Tx -c -I../Inc -I"C:/Users/blue/Desktop/stm32/f407_bare_metal/f4-headers/CMSIS/Include" -I"C:/Users/blue/Desktop/stm32/f407_bare_metal/f4-headers/CMSIS/Device/ST/STM32F4xx/Include" -O0 -ffunction-sections -fdata-sections -Wall -fstack-usage -MMD -MP -MF"Src/sysmem.d" -MT"Src/sysmem.o" --specs=nano.specs -mfloat-abi=soft -mthumb -o "Src/sysmem.o"
arm-none-eabi-gcc -o "05_uart_tx.elf" @"objects.list"   -mcpu=cortex-m3 -T"C:\Users\blue\Desktop\stm32\f407_bare_metal\05_uart_tx\STM32F103C8TX_FLASH.ld" --specs=nosys.specs -Wl,-Map="05_uart_tx.map" -Wl,--gc-sections -static --specs=nano.specs -mfloat-abi=soft -mthumb -Wl,--start-group -lc -lm -Wl,--end-group
Finished building target: 05_uart_tx.elf
 
arm-none-eabi-size   05_uart_tx.elf 
arm-none-eabi-objdump -h -S  05_uart_tx.elf  > "05_uart_tx.list"
arm-none-eabi-objcopy  -O binary  05_uart_tx.elf  "05_uart_tx.bin"
   text	   data	    bss	    dec	    hex	filename
    840	      8	   1568	   2416	    970	05_uart_tx.elf
Finished building: default.size.stdout
 
Finished building: 05_uart_tx.list
 
Finished building: 05_uart_tx.bin
 
20:55:35 **** Incremental Build of configuration Debug for project 05_uart_tx ****
make -j8 all 
arm-none-eabi-size   05_uart_tx.elf 
   text	   data	    bss	    dec	    hex	filename
    840	      8	   1568	   2416	    970	05_uart_tx.elf
Finished building: default.size.stdout
 
21:00:58 **** Incremental Build of configuration Debug for project 00_led_toggle ****
make -j8 all 
arm-none-eabi-size   00_led_toggle.elf 
   text	   data	    bss	    dec	    hex	filename
    880	      8	   1568	   2456	    998	00_led_toggle.elf
Finished building: default.size.stdout
 
21:00:58 **** Incremental Build of configuration Debug for project 01_read_user_button ****
make -j8 all 
arm-none-eabi-size   01_read_user_button.elf 
   text	   data	    bss	    dec	    hex	filename
    924	      8	   1568	   2500	    9c4	01_read_user_button.elf
Finished building: default.size.stdout
 
21:00:58 **** Incremental Build of configuration Debug for project 02_gpio_output_with_headers ****
make -j8 all 
arm-none-eabi-size   02_gpio_output_with_headers.elf 
   text	   data	    bss	    dec	    hex	filename
    876	      8	   1568	   2452	    994	02_gpio_output_with_headers.elf
Finished building: default.size.stdout
 
21:00:59 **** Incremental Build of configuration Debug for project 03_gpio_bsrr ****
make -j8 all 
arm-none-eabi-size   03_gpio_bsrr.elf 
   text	   data	    bss	    dec	    hex	filename
    912	      8	   1568	   2488	    9b8	03_gpio_bsrr.elf
Finished building: default.size.stdout
 
21:00:59 **** Incremental Build of configuration Debug for project 04_gpio_input ****
make -j8 all 
arm-none-eabi-size   04_gpio_input.elf 
   text	   data	    bss	    dec	    hex	filename
    872	      8	   1568	   2448	    990	04_gpio_input.elf
Finished building: default.size.stdout
 
21:00:59 **** Incremental Build of configuration Debug for project 05_uart_tx ****
make -j8 all 
arm-none-eabi-gcc "../Src/main.c" -mcpu=cortex-m3 -std=gnu11 -g3 -DDEBUG -DSTM32 -DSTM32F1 -DSTM32F103C8Tx -c -I../Inc -I"C:/Users/blue/Desktop/stm32/f407_bare_metal/f4-headers/CMSIS/Include" -I"C:/Users/blue/Desktop/stm32/f407_bare_metal/f4-headers/CMSIS/Device/ST/STM32F4xx/Include" -O0 -ffunction-sections -fdata-sections -Wall -fstack-usage -MMD -MP -MF"Src/main.d" -MT"Src/main.o" --specs=nano.specs -mfloat-abi=soft -mthumb -o "Src/main.o"
arm-none-eabi-gcc -o "05_uart_tx.elf" @"objects.list"   -mcpu=cortex-m3 -T"C:\Users\blue\Desktop\stm32\f407_bare_metal\05_uart_tx\STM32F103C8TX_FLASH.ld" --specs=nosys.specs -Wl,-Map="05_uart_tx.map" -Wl,--gc-sections -static --specs=nano.specs -mfloat-abi=soft -mthumb -Wl,--start-group -lc -lm -Wl,--end-group
Finished building target: 05_uart_tx.elf
 
arm-none-eabi-size   05_uart_tx.elf 
arm-none-eabi-objdump -h -S  05_uart_tx.elf  > "05_uart_tx.list"
arm-none-eabi-objcopy  -O binary  05_uart_tx.elf  "05_uart_tx.bin"
   text	   data	    bss	    dec	    hex	filename
    840	      8	   1568	   2416	    970	05_uart_tx.elf
Finished building: default.size.stdout
 
Finished building: 05_uart_tx.bin
Finished building: 05_uart_tx.list
 
 
21:01:11 **** Incremental Build of configuration Debug for project 05_uart_tx ****
make -j8 all 
arm-none-eabi-size   05_uart_tx.elf 
   text	   data	    bss	    dec	    hex	filename
    840	      8	   1568	   2416	    970	05_uart_tx.elf
Finished building: default.size.stdout
 
21:06:10 **** Incremental Build of configuration Debug for project 00_led_toggle ****
make -j8 all 
arm-none-eabi-size   00_led_toggle.elf 
   text	   data	    bss	    dec	    hex	filename
    880	      8	   1568	   2456	    998	00_led_toggle.elf
Finished building: default.size.stdout
 
21:06:10 **** Incremental Build of configuration Debug for project 01_read_user_button ****
make -j8 all 
arm-none-eabi-size   01_read_user_button.elf 
   text	   data	    bss	    dec	    hex	filename
    924	      8	   1568	   2500	    9c4	01_read_user_button.elf
Finished building: default.size.stdout
 
21:06:10 **** Incremental Build of configuration Debug for project 02_gpio_output_with_headers ****
make -j8 all 
arm-none-eabi-size   02_gpio_output_with_headers.elf 
   text	   data	    bss	    dec	    hex	filename
    876	      8	   1568	   2452	    994	02_gpio_output_with_headers.elf
Finished building: default.size.stdout
 
21:06:11 **** Incremental Build of configuration Debug for project 03_gpio_bsrr ****
make -j8 all 
arm-none-eabi-size   03_gpio_bsrr.elf 
   text	   data	    bss	    dec	    hex	filename
    912	      8	   1568	   2488	    9b8	03_gpio_bsrr.elf
Finished building: default.size.stdout
 
21:06:11 **** Incremental Build of configuration Debug for project 04_gpio_input ****
make -j8 all 
arm-none-eabi-size   04_gpio_input.elf 
   text	   data	    bss	    dec	    hex	filename
    872	      8	   1568	   2448	    990	04_gpio_input.elf
Finished building: default.size.stdout
 
21:06:11 **** Incremental Build of configuration Debug for project 05_uart_tx ****
make -j8 all 
arm-none-eabi-gcc "../Src/main.c" -mcpu=cortex-m3 -std=gnu11 -g3 -DDEBUG -DSTM32 -DSTM32F1 -DSTM32F103C8Tx -c -I../Inc -I"C:/Users/blue/Desktop/stm32/f407_bare_metal/f4-headers/CMSIS/Include" -I"C:/Users/blue/Desktop/stm32/f407_bare_metal/f4-headers/CMSIS/Device/ST/STM32F4xx/Include" -O0 -ffunction-sections -fdata-sections -Wall -fstack-usage -MMD -MP -MF"Src/main.d" -MT"Src/main.o" --specs=nano.specs -mfloat-abi=soft -mthumb -o "Src/main.o"
../Src/main.c:66:6: error: conflicting types for 'uart5_write'
   66 | void uart5_write(uint8_t *ch) {
      |      ^~~~~~~~~~~
../Src/main.c:27:6: note: previous declaration of 'uart5_write' was here
   27 | void uart5_write(int ch);
      |      ^~~~~~~~~~~
make: *** [Src/subdir.mk:25: Src/main.o] Error 1
"make -j8 all" terminated with exit code 2. Build might be incomplete.
21:06:22 **** Incremental Build of configuration Debug for project 00_led_toggle ****
make -j8 all 
arm-none-eabi-size   00_led_toggle.elf 
   text	   data	    bss	    dec	    hex	filename
    880	      8	   1568	   2456	    998	00_led_toggle.elf
Finished building: default.size.stdout
 
21:06:23 **** Incremental Build of configuration Debug for project 01_read_user_button ****
make -j8 all 
arm-none-eabi-size   01_read_user_button.elf 
   text	   data	    bss	    dec	    hex	filename
    924	      8	   1568	   2500	    9c4	01_read_user_button.elf
Finished building: default.size.stdout
 
21:06:23 **** Incremental Build of configuration Debug for project 02_gpio_output_with_headers ****
make -j8 all 
arm-none-eabi-size   02_gpio_output_with_headers.elf 
   text	   data	    bss	    dec	    hex	filename
    876	      8	   1568	   2452	    994	02_gpio_output_with_headers.elf
Finished building: default.size.stdout
 
21:06:23 **** Incremental Build of configuration Debug for project 03_gpio_bsrr ****
make -j8 all 
arm-none-eabi-size   03_gpio_bsrr.elf 
   text	   data	    bss	    dec	    hex	filename
    912	      8	   1568	   2488	    9b8	03_gpio_bsrr.elf
Finished building: default.size.stdout
 
21:06:24 **** Incremental Build of configuration Debug for project 04_gpio_input ****
make -j8 all 
arm-none-eabi-size   04_gpio_input.elf 
   text	   data	    bss	    dec	    hex	filename
    872	      8	   1568	   2448	    990	04_gpio_input.elf
Finished building: default.size.stdout
 
21:06:24 **** Incremental Build of configuration Debug for project 05_uart_tx ****
make -j8 all 
arm-none-eabi-gcc "../Src/main.c" -mcpu=cortex-m3 -std=gnu11 -g3 -DDEBUG -DSTM32 -DSTM32F1 -DSTM32F103C8Tx -c -I../Inc -I"C:/Users/blue/Desktop/stm32/f407_bare_metal/f4-headers/CMSIS/Include" -I"C:/Users/blue/Desktop/stm32/f407_bare_metal/f4-headers/CMSIS/Device/ST/STM32F4xx/Include" -O0 -ffunction-sections -fdata-sections -Wall -fstack-usage -MMD -MP -MF"Src/main.d" -MT"Src/main.o" --specs=nano.specs -mfloat-abi=soft -mthumb -o "Src/main.o"
../Src/main.c: In function 'main':
../Src/main.c:34:15: warning: passing argument 1 of 'uart5_write' makes pointer from integer without a cast [-Wint-conversion]
   34 |   uart5_write('H');
      |               ^~~
      |               |
      |               int
../Src/main.c:27:27: note: expected 'uint8_t *' {aka 'unsigned char *'} but argument is of type 'int'
   27 | void uart5_write(uint8_t *ch);
      |                  ~~~~~~~~~^~
arm-none-eabi-gcc -o "05_uart_tx.elf" @"objects.list"   -mcpu=cortex-m3 -T"C:\Users\blue\Desktop\stm32\f407_bare_metal\05_uart_tx\STM32F103C8TX_FLASH.ld" --specs=nosys.specs -Wl,-Map="05_uart_tx.map" -Wl,--gc-sections -static --specs=nano.specs -mfloat-abi=soft -mthumb -Wl,--start-group -lc -lm -Wl,--end-group
Finished building target: 05_uart_tx.elf
 
arm-none-eabi-size   05_uart_tx.elf 
arm-none-eabi-objdump -h -S  05_uart_tx.elf  > "05_uart_tx.list"
arm-none-eabi-objcopy  -O binary  05_uart_tx.elf  "05_uart_tx.bin"
   text	   data	    bss	    dec	    hex	filename
    848	      8	   1568	   2424	    978	05_uart_tx.elf
Finished building: default.size.stdout
 
Finished building: 05_uart_tx.bin
Finished building: 05_uart_tx.list
 
 
21:06:34 **** Incremental Build of configuration Debug for project 05_uart_tx ****
make -j8 all 
arm-none-eabi-size   05_uart_tx.elf 
   text	   data	    bss	    dec	    hex	filename
    848	      8	   1568	   2424	    978	05_uart_tx.elf
Finished building: default.size.stdout
 
21:08:07 **** Incremental Build of configuration Debug for project 00_led_toggle ****
make -j8 all 
arm-none-eabi-size   00_led_toggle.elf 
   text	   data	    bss	    dec	    hex	filename
    880	      8	   1568	   2456	    998	00_led_toggle.elf
Finished building: default.size.stdout
 
21:08:07 **** Incremental Build of configuration Debug for project 01_read_user_button ****
make -j8 all 
arm-none-eabi-size   01_read_user_button.elf 
   text	   data	    bss	    dec	    hex	filename
    924	      8	   1568	   2500	    9c4	01_read_user_button.elf
Finished building: default.size.stdout
 
21:08:08 **** Incremental Build of configuration Debug for project 02_gpio_output_with_headers ****
make -j8 all 
arm-none-eabi-size   02_gpio_output_with_headers.elf 
   text	   data	    bss	    dec	    hex	filename
    876	      8	   1568	   2452	    994	02_gpio_output_with_headers.elf
Finished building: default.size.stdout
 
21:08:08 **** Incremental Build of configuration Debug for project 03_gpio_bsrr ****
make -j8 all 
arm-none-eabi-size   03_gpio_bsrr.elf 
   text	   data	    bss	    dec	    hex	filename
    912	      8	   1568	   2488	    9b8	03_gpio_bsrr.elf
Finished building: default.size.stdout
 
21:08:08 **** Incremental Build of configuration Debug for project 04_gpio_input ****
make -j8 all 
arm-none-eabi-size   04_gpio_input.elf 
   text	   data	    bss	    dec	    hex	filename
    872	      8	   1568	   2448	    990	04_gpio_input.elf
Finished building: default.size.stdout
 
21:08:08 **** Incremental Build of configuration Debug for project 05_uart_tx ****
make -j8 all 
arm-none-eabi-gcc "../Src/main.c" -mcpu=cortex-m3 -std=gnu11 -g3 -DDEBUG -DSTM32 -DSTM32F1 -DSTM32F103C8Tx -c -I../Inc -I"C:/Users/blue/Desktop/stm32/f407_bare_metal/f4-headers/CMSIS/Include" -I"C:/Users/blue/Desktop/stm32/f407_bare_metal/f4-headers/CMSIS/Device/ST/STM32F4xx/Include" -O0 -ffunction-sections -fdata-sections -Wall -fstack-usage -MMD -MP -MF"Src/main.d" -MT"Src/main.o" --specs=nano.specs -mfloat-abi=soft -mthumb -o "Src/main.o"
../Src/main.c: In function 'main':
../Src/main.c:34:15: warning: passing argument 1 of 'uart5_write' makes pointer from integer without a cast [-Wint-conversion]
   34 |   uart5_write('H');
      |               ^~~
      |               |
      |               int
../Src/main.c:27:27: note: expected 'uint8_t *' {aka 'unsigned char *'} but argument is of type 'int'
   27 | void uart5_write(uint8_t *ch);
      |                  ~~~~~~~~~^~
arm-none-eabi-gcc -o "05_uart_tx.elf" @"objects.list"   -mcpu=cortex-m3 -T"C:\Users\blue\Desktop\stm32\f407_bare_metal\05_uart_tx\STM32F103C8TX_FLASH.ld" --specs=nosys.specs -Wl,-Map="05_uart_tx.map" -Wl,--gc-sections -static --specs=nano.specs -mfloat-abi=soft -mthumb -Wl,--start-group -lc -lm -Wl,--end-group
Finished building target: 05_uart_tx.elf
 
arm-none-eabi-size   05_uart_tx.elf 
arm-none-eabi-objdump -h -S  05_uart_tx.elf  > "05_uart_tx.list"
arm-none-eabi-objcopy  -O binary  05_uart_tx.elf  "05_uart_tx.bin"
   text	   data	    bss	    dec	    hex	filename
    848	      8	   1568	   2424	    978	05_uart_tx.elf
Finished building: default.size.stdout
 
Finished building: 05_uart_tx.bin
Finished building: 05_uart_tx.list
 
 
21:08:15 **** Incremental Build of configuration Debug for project 05_uart_tx ****
make -j8 all 
arm-none-eabi-size   05_uart_tx.elf 
   text	   data	    bss	    dec	    hex	filename
    848	      8	   1568	   2424	    978	05_uart_tx.elf
Finished building: default.size.stdout
 
21:18:09 **** Incremental Build of configuration Debug for project 00_led_toggle ****
make -j8 all 
arm-none-eabi-size   00_led_toggle.elf 
   text	   data	    bss	    dec	    hex	filename
    880	      8	   1568	   2456	    998	00_led_toggle.elf
Finished building: default.size.stdout
 
21:18:09 **** Incremental Build of configuration Debug for project 01_read_user_button ****
make -j8 all 
arm-none-eabi-size   01_read_user_button.elf 
   text	   data	    bss	    dec	    hex	filename
    924	      8	   1568	   2500	    9c4	01_read_user_button.elf
Finished building: default.size.stdout
 
21:18:09 **** Incremental Build of configuration Debug for project 02_gpio_output_with_headers ****
make -j8 all 
arm-none-eabi-size   02_gpio_output_with_headers.elf 
   text	   data	    bss	    dec	    hex	filename
    876	      8	   1568	   2452	    994	02_gpio_output_with_headers.elf
Finished building: default.size.stdout
 
21:18:10 **** Incremental Build of configuration Debug for project 03_gpio_bsrr ****
make -j8 all 
arm-none-eabi-size   03_gpio_bsrr.elf 
   text	   data	    bss	    dec	    hex	filename
    912	      8	   1568	   2488	    9b8	03_gpio_bsrr.elf
Finished building: default.size.stdout
 
21:18:10 **** Incremental Build of configuration Debug for project 04_gpio_input ****
make -j8 all 
arm-none-eabi-size   04_gpio_input.elf 
   text	   data	    bss	    dec	    hex	filename
    872	      8	   1568	   2448	    990	04_gpio_input.elf
Finished building: default.size.stdout
 
21:18:10 **** Incremental Build of configuration Debug for project 05_uart_tx ****
make -j8 all 
arm-none-eabi-gcc "../Src/main.c" -mcpu=cortex-m3 -std=gnu11 -g3 -DDEBUG -DSTM32 -DSTM32F1 -DSTM32F103C8Tx -c -I../Inc -I"C:/Users/blue/Desktop/stm32/f407_bare_metal/f4-headers/CMSIS/Include" -I"C:/Users/blue/Desktop/stm32/f407_bare_metal/f4-headers/CMSIS/Device/ST/STM32F4xx/Include" -O0 -ffunction-sections -fdata-sections -Wall -fstack-usage -MMD -MP -MF"Src/main.d" -MT"Src/main.o" --specs=nano.specs -mfloat-abi=soft -mthumb -o "Src/main.o"
../Src/main.c: In function 'main':
../Src/main.c:37:15: warning: passing argument 1 of 'uart5_write' makes pointer from integer without a cast [-Wint-conversion]
   37 |   uart5_write('H');
      |               ^~~
      |               |
      |               int
../Src/main.c:29:27: note: expected 'uint8_t *' {aka 'unsigned char *'} but argument is of type 'int'
   29 | void uart5_write(uint8_t *ch);
      |                  ~~~~~~~~~^~
../Src/main.c: In function 'set_sysclk_to_168':
../Src/main.c:116:17: error: 'PLL_M' undeclared (first use in this function)
  116 |  RCC->PLLCFGR = PLL_M | (PLL_N << 6) | (((PLL_P >> 1) -1) << 16) |
      |                 ^~~~~
../Src/main.c:116:17: note: each undeclared identifier is reported only once for each function it appears in
../Src/main.c:116:26: error: 'PLL_N' undeclared (first use in this function)
  116 |  RCC->PLLCFGR = PLL_M | (PLL_N << 6) | (((PLL_P >> 1) -1) << 16) |
      |                          ^~~~~
../Src/main.c:116:43: error: 'PLL_P' undeclared (first use in this function)
  116 |  RCC->PLLCFGR = PLL_M | (PLL_N << 6) | (((PLL_P >> 1) -1) << 16) |
      |                                           ^~~~~
../Src/main.c:117:18: error: 'PLL_Q' undeclared (first use in this function)
  117 |                 (PLL_Q << 24) | (1 << 22);
      |                  ^~~~~
make: *** [Src/subdir.mk:25: Src/main.o] Error 1
"make -j8 all" terminated with exit code 2. Build might be incomplete.
21:19:23 **** Incremental Build of configuration Debug for project 00_led_toggle ****
make -j8 all 
arm-none-eabi-size   00_led_toggle.elf 
   text	   data	    bss	    dec	    hex	filename
    880	      8	   1568	   2456	    998	00_led_toggle.elf
Finished building: default.size.stdout
 
21:19:24 **** Incremental Build of configuration Debug for project 01_read_user_button ****
make -j8 all 
arm-none-eabi-size   01_read_user_button.elf 
   text	   data	    bss	    dec	    hex	filename
    924	      8	   1568	   2500	    9c4	01_read_user_button.elf
Finished building: default.size.stdout
 
21:19:24 **** Incremental Build of configuration Debug for project 02_gpio_output_with_headers ****
make -j8 all 
arm-none-eabi-size   02_gpio_output_with_headers.elf 
   text	   data	    bss	    dec	    hex	filename
    876	      8	   1568	   2452	    994	02_gpio_output_with_headers.elf
Finished building: default.size.stdout
 
21:19:24 **** Incremental Build of configuration Debug for project 03_gpio_bsrr ****
make -j8 all 
arm-none-eabi-size   03_gpio_bsrr.elf 
   text	   data	    bss	    dec	    hex	filename
    912	      8	   1568	   2488	    9b8	03_gpio_bsrr.elf
Finished building: default.size.stdout
 
21:19:25 **** Incremental Build of configuration Debug for project 04_gpio_input ****
make -j8 all 
arm-none-eabi-size   04_gpio_input.elf 
   text	   data	    bss	    dec	    hex	filename
    872	      8	   1568	   2448	    990	04_gpio_input.elf
Finished building: default.size.stdout
 
21:19:25 **** Incremental Build of configuration Debug for project 05_uart_tx ****
make -j8 all 
arm-none-eabi-gcc "../Src/main.c" -mcpu=cortex-m3 -std=gnu11 -g3 -DDEBUG -DSTM32 -DSTM32F1 -DSTM32F103C8Tx -c -I../Inc -I"C:/Users/blue/Desktop/stm32/f407_bare_metal/f4-headers/CMSIS/Include" -I"C:/Users/blue/Desktop/stm32/f407_bare_metal/f4-headers/CMSIS/Device/ST/STM32F4xx/Include" -O0 -ffunction-sections -fdata-sections -Wall -fstack-usage -MMD -MP -MF"Src/main.d" -MT"Src/main.o" --specs=nano.specs -mfloat-abi=soft -mthumb -o "Src/main.o"
../Src/main.c: In function 'main':
../Src/main.c:46:15: warning: passing argument 1 of 'uart5_write' makes pointer from integer without a cast [-Wint-conversion]
   46 |   uart5_write('H');
      |               ^~~
      |               |
      |               int
../Src/main.c:38:27: note: expected 'uint8_t *' {aka 'unsigned char *'} but argument is of type 'int'
   38 | void uart5_write(uint8_t *ch);
      |                  ~~~~~~~~~^~
arm-none-eabi-gcc -o "05_uart_tx.elf" @"objects.list"   -mcpu=cortex-m3 -T"C:\Users\blue\Desktop\stm32\f407_bare_metal\05_uart_tx\STM32F103C8TX_FLASH.ld" --specs=nosys.specs -Wl,-Map="05_uart_tx.map" -Wl,--gc-sections -static --specs=nano.specs -mfloat-abi=soft -mthumb -Wl,--start-group -lc -lm -Wl,--end-group
c:\st\stm32cubeide_1.7.0\stm32cubeide\plugins\com.st.stm32cube.ide.mcu.externaltools.gnu-tools-for-stm32.9-2020-q2-update.win32_2.0.0.202105311346\tools\arm-none-eabi\bin\ld.exe: ./Src/main.o: in function `set_sysclk_to_168':
C:/Users/blue/Desktop/stm32/f407_bare_metal/05_uart_tx/Debug/../Src/main.c:152: undefined reference to `SystemCoreClock'
collect2.exe: error: ld returned 1 exit status
make: *** [makefile:64: 05_uart_tx.elf] Error 1
"make -j8 all" terminated with exit code 2. Build might be incomplete.
21:20:20 **** Incremental Build of configuration Debug for project 00_led_toggle ****
make -j8 all 
arm-none-eabi-size   00_led_toggle.elf 
   text	   data	    bss	    dec	    hex	filename
    880	      8	   1568	   2456	    998	00_led_toggle.elf
Finished building: default.size.stdout
 
21:20:20 **** Incremental Build of configuration Debug for project 01_read_user_button ****
make -j8 all 
arm-none-eabi-size   01_read_user_button.elf 
   text	   data	    bss	    dec	    hex	filename
    924	      8	   1568	   2500	    9c4	01_read_user_button.elf
Finished building: default.size.stdout
 
21:20:21 **** Incremental Build of configuration Debug for project 02_gpio_output_with_headers ****
make -j8 all 
arm-none-eabi-size   02_gpio_output_with_headers.elf 
   text	   data	    bss	    dec	    hex	filename
    876	      8	   1568	   2452	    994	02_gpio_output_with_headers.elf
Finished building: default.size.stdout
 
21:20:21 **** Incremental Build of configuration Debug for project 03_gpio_bsrr ****
make -j8 all 
arm-none-eabi-size   03_gpio_bsrr.elf 
   text	   data	    bss	    dec	    hex	filename
    912	      8	   1568	   2488	    9b8	03_gpio_bsrr.elf
Finished building: default.size.stdout
 
21:20:21 **** Incremental Build of configuration Debug for project 04_gpio_input ****
make -j8 all 
arm-none-eabi-size   04_gpio_input.elf 
   text	   data	    bss	    dec	    hex	filename
    872	      8	   1568	   2448	    990	04_gpio_input.elf
Finished building: default.size.stdout
 
21:20:21 **** Incremental Build of configuration Debug for project 05_uart_tx ****
make -j8 all 
arm-none-eabi-gcc "../Src/main.c" -mcpu=cortex-m3 -std=gnu11 -g3 -DDEBUG -DSTM32 -DSTM32F1 -DSTM32F103C8Tx -c -I../Inc -I"C:/Users/blue/Desktop/stm32/f407_bare_metal/f4-headers/CMSIS/Include" -I"C:/Users/blue/Desktop/stm32/f407_bare_metal/f4-headers/CMSIS/Device/ST/STM32F4xx/Include" -O0 -ffunction-sections -fdata-sections -Wall -fstack-usage -MMD -MP -MF"Src/main.d" -MT"Src/main.o" --specs=nano.specs -mfloat-abi=soft -mthumb -o "Src/main.o"
../Src/main.c:37:8: warning: type defaults to 'int' in declaration of 'SystemCoreClock' [-Wimplicit-int]
   37 | extern SystemCoreClock;
      |        ^~~~~~~~~~~~~~~
../Src/main.c:37:8: error: conflicting types for 'SystemCoreClock'
In file included from C:/Users/blue/Desktop/stm32/f407_bare_metal/f4-headers/CMSIS/Device/ST/STM32F4xx/Include/stm32f407xx.h:167,
                 from ../Src/main.c:2:
C:/Users/blue/Desktop/stm32/f407_bare_metal/f4-headers/CMSIS/Device/ST/STM32F4xx/Include/system_stm32f4xx.h:57:17: note: previous declaration of 'SystemCoreClock' was here
   57 | extern uint32_t SystemCoreClock;          /*!< System Clock Frequency (Core Clock) */
      |                 ^~~~~~~~~~~~~~~
../Src/main.c: In function 'main':
../Src/main.c:48:15: warning: passing argument 1 of 'uart5_write' makes pointer from integer without a cast [-Wint-conversion]
   48 |   uart5_write('H');
      |               ^~~
      |               |
      |               int
../Src/main.c:40:27: note: expected 'uint8_t *' {aka 'unsigned char *'} but argument is of type 'int'
   40 | void uart5_write(uint8_t *ch);
      |                  ~~~~~~~~~^~
make: *** [Src/subdir.mk:25: Src/main.o] Error 1
"make -j8 all" terminated with exit code 2. Build might be incomplete.
21:20:32 **** Incremental Build of configuration Debug for project 00_led_toggle ****
make -j8 all 
arm-none-eabi-size   00_led_toggle.elf 
   text	   data	    bss	    dec	    hex	filename
    880	      8	   1568	   2456	    998	00_led_toggle.elf
Finished building: default.size.stdout
 
21:20:32 **** Incremental Build of configuration Debug for project 01_read_user_button ****
make -j8 all 
arm-none-eabi-size   01_read_user_button.elf 
   text	   data	    bss	    dec	    hex	filename
    924	      8	   1568	   2500	    9c4	01_read_user_button.elf
Finished building: default.size.stdout
 
21:20:33 **** Incremental Build of configuration Debug for project 02_gpio_output_with_headers ****
make -j8 all 
arm-none-eabi-size   02_gpio_output_with_headers.elf 
   text	   data	    bss	    dec	    hex	filename
    876	      8	   1568	   2452	    994	02_gpio_output_with_headers.elf
Finished building: default.size.stdout
 
21:20:33 **** Incremental Build of configuration Debug for project 03_gpio_bsrr ****
make -j8 all 
arm-none-eabi-size   03_gpio_bsrr.elf 
   text	   data	    bss	    dec	    hex	filename
    912	      8	   1568	   2488	    9b8	03_gpio_bsrr.elf
Finished building: default.size.stdout
 
21:20:33 **** Incremental Build of configuration Debug for project 04_gpio_input ****
make -j8 all 
arm-none-eabi-size   04_gpio_input.elf 
   text	   data	    bss	    dec	    hex	filename
    872	      8	   1568	   2448	    990	04_gpio_input.elf
Finished building: default.size.stdout
 
21:20:33 **** Incremental Build of configuration Debug for project 05_uart_tx ****
make -j8 all 
arm-none-eabi-gcc "../Src/main.c" -mcpu=cortex-m3 -std=gnu11 -g3 -DDEBUG -DSTM32 -DSTM32F1 -DSTM32F103C8Tx -c -I../Inc -I"C:/Users/blue/Desktop/stm32/f407_bare_metal/f4-headers/CMSIS/Include" -I"C:/Users/blue/Desktop/stm32/f407_bare_metal/f4-headers/CMSIS/Device/ST/STM32F4xx/Include" -O0 -ffunction-sections -fdata-sections -Wall -fstack-usage -MMD -MP -MF"Src/main.d" -MT"Src/main.o" --specs=nano.specs -mfloat-abi=soft -mthumb -o "Src/main.o"
../Src/main.c: In function 'main':
../Src/main.c:48:15: warning: passing argument 1 of 'uart5_write' makes pointer from integer without a cast [-Wint-conversion]
   48 |   uart5_write('H');
      |               ^~~
      |               |
      |               int
../Src/main.c:40:27: note: expected 'uint8_t *' {aka 'unsigned char *'} but argument is of type 'int'
   40 | void uart5_write(uint8_t *ch);
      |                  ~~~~~~~~~^~
arm-none-eabi-gcc -o "05_uart_tx.elf" @"objects.list"   -mcpu=cortex-m3 -T"C:\Users\blue\Desktop\stm32\f407_bare_metal\05_uart_tx\STM32F103C8TX_FLASH.ld" --specs=nosys.specs -Wl,-Map="05_uart_tx.map" -Wl,--gc-sections -static --specs=nano.specs -mfloat-abi=soft -mthumb -Wl,--start-group -lc -lm -Wl,--end-group
c:\st\stm32cubeide_1.7.0\stm32cubeide\plugins\com.st.stm32cube.ide.mcu.externaltools.gnu-tools-for-stm32.9-2020-q2-update.win32_2.0.0.202105311346\tools\arm-none-eabi\bin\ld.exe: ./Src/main.o: in function `set_sysclk_to_168':
C:/Users/blue/Desktop/stm32/f407_bare_metal/05_uart_tx/Debug/../Src/main.c:154: undefined reference to `SystemCoreClock'
collect2.exe: error: ld returned 1 exit status
make: *** [makefile:64: 05_uart_tx.elf] Error 1
"make -j8 all" terminated with exit code 2. Build might be incomplete.
21:21:20 **** Incremental Build of configuration Debug for project 00_led_toggle ****
make -j8 all 
arm-none-eabi-size   00_led_toggle.elf 
   text	   data	    bss	    dec	    hex	filename
    880	      8	   1568	   2456	    998	00_led_toggle.elf
Finished building: default.size.stdout
 
21:21:20 **** Incremental Build of configuration Debug for project 01_read_user_button ****
make -j8 all 
arm-none-eabi-size   01_read_user_button.elf 
   text	   data	    bss	    dec	    hex	filename
    924	      8	   1568	   2500	    9c4	01_read_user_button.elf
Finished building: default.size.stdout
 
21:21:20 **** Incremental Build of configuration Debug for project 02_gpio_output_with_headers ****
make -j8 all 
arm-none-eabi-size   02_gpio_output_with_headers.elf 
   text	   data	    bss	    dec	    hex	filename
    876	      8	   1568	   2452	    994	02_gpio_output_with_headers.elf
Finished building: default.size.stdout
 
21:21:20 **** Incremental Build of configuration Debug for project 03_gpio_bsrr ****
make -j8 all 
arm-none-eabi-size   03_gpio_bsrr.elf 
   text	   data	    bss	    dec	    hex	filename
    912	      8	   1568	   2488	    9b8	03_gpio_bsrr.elf
Finished building: default.size.stdout
 
21:21:21 **** Incremental Build of configuration Debug for project 04_gpio_input ****
make -j8 all 
arm-none-eabi-size   04_gpio_input.elf 
   text	   data	    bss	    dec	    hex	filename
    872	      8	   1568	   2448	    990	04_gpio_input.elf
Finished building: default.size.stdout
 
21:21:21 **** Incremental Build of configuration Debug for project 05_uart_tx ****
make -j8 all 
arm-none-eabi-gcc "../Src/main.c" -mcpu=cortex-m3 -std=gnu11 -g3 -DDEBUG -DSTM32 -DSTM32F1 -DSTM32F103C8Tx -c -I../Inc -I"C:/Users/blue/Desktop/stm32/f407_bare_metal/f4-headers/CMSIS/Include" -I"C:/Users/blue/Desktop/stm32/f407_bare_metal/f4-headers/CMSIS/Device/ST/STM32F4xx/Include" -O0 -ffunction-sections -fdata-sections -Wall -fstack-usage -MMD -MP -MF"Src/main.d" -MT"Src/main.o" --specs=nano.specs -mfloat-abi=soft -mthumb -o "Src/main.o"
../Src/main.c: In function 'main':
../Src/main.c:48:15: warning: passing argument 1 of 'uart5_write' makes pointer from integer without a cast [-Wint-conversion]
   48 |   uart5_write('H');
      |               ^~~
      |               |
      |               int
../Src/main.c:40:27: note: expected 'uint8_t *' {aka 'unsigned char *'} but argument is of type 'int'
   40 | void uart5_write(uint8_t *ch);
      |                  ~~~~~~~~~^~
arm-none-eabi-gcc -o "05_uart_tx.elf" @"objects.list"   -mcpu=cortex-m3 -T"C:\Users\blue\Desktop\stm32\f407_bare_metal\05_uart_tx\STM32F103C8TX_FLASH.ld" --specs=nosys.specs -Wl,-Map="05_uart_tx.map" -Wl,--gc-sections -static --specs=nano.specs -mfloat-abi=soft -mthumb -Wl,--start-group -lc -lm -Wl,--end-group
Finished building target: 05_uart_tx.elf
 
arm-none-eabi-size   05_uart_tx.elf 
arm-none-eabi-objdump -h -S  05_uart_tx.elf  > "05_uart_tx.list"
arm-none-eabi-objcopy  -O binary  05_uart_tx.elf  "05_uart_tx.bin"
   text	   data	    bss	    dec	    hex	filename
   1056	     12	   1564	   2632	    a48	05_uart_tx.elf
Finished building: default.size.stdout
 
Finished building: 05_uart_tx.bin
Finished building: 05_uart_tx.list
 
 
21:21:30 **** Incremental Build of configuration Debug for project 05_uart_tx ****
make -j8 all 
arm-none-eabi-size   05_uart_tx.elf 
   text	   data	    bss	    dec	    hex	filename
   1056	     12	   1564	   2632	    a48	05_uart_tx.elf
Finished building: default.size.stdout
 
21:22:44 **** Incremental Build of configuration Debug for project 00_led_toggle ****
make -j8 all 
arm-none-eabi-size   00_led_toggle.elf 
   text	   data	    bss	    dec	    hex	filename
    880	      8	   1568	   2456	    998	00_led_toggle.elf
Finished building: default.size.stdout
 
21:22:44 **** Incremental Build of configuration Debug for project 01_read_user_button ****
make -j8 all 
arm-none-eabi-size   01_read_user_button.elf 
   text	   data	    bss	    dec	    hex	filename
    924	      8	   1568	   2500	    9c4	01_read_user_button.elf
Finished building: default.size.stdout
 
21:22:44 **** Incremental Build of configuration Debug for project 02_gpio_output_with_headers ****
make -j8 all 
arm-none-eabi-size   02_gpio_output_with_headers.elf 
   text	   data	    bss	    dec	    hex	filename
    876	      8	   1568	   2452	    994	02_gpio_output_with_headers.elf
Finished building: default.size.stdout
 
21:22:44 **** Incremental Build of configuration Debug for project 03_gpio_bsrr ****
make -j8 all 
arm-none-eabi-size   03_gpio_bsrr.elf 
   text	   data	    bss	    dec	    hex	filename
    912	      8	   1568	   2488	    9b8	03_gpio_bsrr.elf
Finished building: default.size.stdout
 
21:22:45 **** Incremental Build of configuration Debug for project 04_gpio_input ****
make -j8 all 
arm-none-eabi-size   04_gpio_input.elf 
   text	   data	    bss	    dec	    hex	filename
    872	      8	   1568	   2448	    990	04_gpio_input.elf
Finished building: default.size.stdout
 
21:22:45 **** Incremental Build of configuration Debug for project 05_uart_tx ****
make -j8 all 
arm-none-eabi-gcc "../Src/main.c" -mcpu=cortex-m3 -std=gnu11 -g3 -DDEBUG -DSTM32 -DSTM32F1 -DSTM32F103C8Tx -c -I../Inc -I"C:/Users/blue/Desktop/stm32/f407_bare_metal/f4-headers/CMSIS/Include" -I"C:/Users/blue/Desktop/stm32/f407_bare_metal/f4-headers/CMSIS/Device/ST/STM32F4xx/Include" -O0 -ffunction-sections -fdata-sections -Wall -fstack-usage -MMD -MP -MF"Src/main.d" -MT"Src/main.o" --specs=nano.specs -mfloat-abi=soft -mthumb -o "Src/main.o"
arm-none-eabi-gcc -o "05_uart_tx.elf" @"objects.list"   -mcpu=cortex-m3 -T"C:\Users\blue\Desktop\stm32\f407_bare_metal\05_uart_tx\STM32F103C8TX_FLASH.ld" --specs=nosys.specs -Wl,-Map="05_uart_tx.map" -Wl,--gc-sections -static --specs=nano.specs -mfloat-abi=soft -mthumb -Wl,--start-group -lc -lm -Wl,--end-group
Finished building target: 05_uart_tx.elf
 
arm-none-eabi-size   05_uart_tx.elf 
arm-none-eabi-objdump -h -S  05_uart_tx.elf  > "05_uart_tx.list"
arm-none-eabi-objcopy  -O binary  05_uart_tx.elf  "05_uart_tx.bin"
   text	   data	    bss	    dec	    hex	filename
   1048	     12	   1564	   2624	    a40	05_uart_tx.elf
Finished building: default.size.stdout
 
Finished building: 05_uart_tx.bin
Finished building: 05_uart_tx.list
 
 
21:22:53 **** Incremental Build of configuration Debug for project 05_uart_tx ****
make -j8 all 
arm-none-eabi-size   05_uart_tx.elf 
   text	   data	    bss	    dec	    hex	filename
   1048	     12	   1564	   2624	    a40	05_uart_tx.elf
Finished building: default.size.stdout
 
21:25:52 **** Incremental Build of configuration Debug for project 00_led_toggle ****
make -j8 all 
arm-none-eabi-size   00_led_toggle.elf 
   text	   data	    bss	    dec	    hex	filename
    880	      8	   1568	   2456	    998	00_led_toggle.elf
Finished building: default.size.stdout
 
21:25:52 **** Incremental Build of configuration Debug for project 01_read_user_button ****
make -j8 all 
arm-none-eabi-size   01_read_user_button.elf 
   text	   data	    bss	    dec	    hex	filename
    924	      8	   1568	   2500	    9c4	01_read_user_button.elf
Finished building: default.size.stdout
 
21:25:52 **** Incremental Build of configuration Debug for project 02_gpio_output_with_headers ****
make -j8 all 
arm-none-eabi-size   02_gpio_output_with_headers.elf 
   text	   data	    bss	    dec	    hex	filename
    876	      8	   1568	   2452	    994	02_gpio_output_with_headers.elf
Finished building: default.size.stdout
 
21:25:52 **** Incremental Build of configuration Debug for project 03_gpio_bsrr ****
make -j8 all 
arm-none-eabi-size   03_gpio_bsrr.elf 
   text	   data	    bss	    dec	    hex	filename
    912	      8	   1568	   2488	    9b8	03_gpio_bsrr.elf
Finished building: default.size.stdout
 
21:25:53 **** Incremental Build of configuration Debug for project 04_gpio_input ****
make -j8 all 
arm-none-eabi-size   04_gpio_input.elf 
   text	   data	    bss	    dec	    hex	filename
    872	      8	   1568	   2448	    990	04_gpio_input.elf
Finished building: default.size.stdout
 
21:25:53 **** Incremental Build of configuration Debug for project 05_uart_tx ****
make -j8 all 
arm-none-eabi-gcc "../Src/main.c" -mcpu=cortex-m3 -std=gnu11 -g3 -DDEBUG -DSTM32 -DSTM32F1 -DSTM32F103C8Tx -c -I../Inc -I"C:/Users/blue/Desktop/stm32/f407_bare_metal/f4-headers/CMSIS/Include" -I"C:/Users/blue/Desktop/stm32/f407_bare_metal/f4-headers/CMSIS/Device/ST/STM32F4xx/Include" -O0 -ffunction-sections -fdata-sections -Wall -fstack-usage -MMD -MP -MF"Src/main.d" -MT"Src/main.o" --specs=nano.specs -mfloat-abi=soft -mthumb -o "Src/main.o"
arm-none-eabi-gcc -o "05_uart_tx.elf" @"objects.list"   -mcpu=cortex-m3 -T"C:\Users\blue\Desktop\stm32\f407_bare_metal\05_uart_tx\STM32F103C8TX_FLASH.ld" --specs=nosys.specs -Wl,-Map="05_uart_tx.map" -Wl,--gc-sections -static --specs=nano.specs -mfloat-abi=soft -mthumb -Wl,--start-group -lc -lm -Wl,--end-group
Finished building target: 05_uart_tx.elf
 
arm-none-eabi-size   05_uart_tx.elf 
arm-none-eabi-objdump -h -S  05_uart_tx.elf  > "05_uart_tx.list"
arm-none-eabi-objcopy  -O binary  05_uart_tx.elf  "05_uart_tx.bin"
   text	   data	    bss	    dec	    hex	filename
    840	      8	   1568	   2416	    970	05_uart_tx.elf
Finished building: default.size.stdout
 
Finished building: 05_uart_tx.bin
Finished building: 05_uart_tx.list
 
 
21:26:06 **** Incremental Build of configuration Debug for project 05_uart_tx ****
make -j8 all 
arm-none-eabi-size   05_uart_tx.elf 
   text	   data	    bss	    dec	    hex	filename
    840	      8	   1568	   2416	    970	05_uart_tx.elf
Finished building: default.size.stdout
 
21:29:58 **** Incremental Build of configuration Debug for project 00_led_toggle ****
make -j8 all 
arm-none-eabi-size   00_led_toggle.elf 
   text	   data	    bss	    dec	    hex	filename
    880	      8	   1568	   2456	    998	00_led_toggle.elf
Finished building: default.size.stdout
 
21:29:58 **** Incremental Build of configuration Debug for project 01_read_user_button ****
make -j8 all 
arm-none-eabi-size   01_read_user_button.elf 
   text	   data	    bss	    dec	    hex	filename
    924	      8	   1568	   2500	    9c4	01_read_user_button.elf
Finished building: default.size.stdout
 
21:29:58 **** Incremental Build of configuration Debug for project 02_gpio_output_with_headers ****
make -j8 all 
arm-none-eabi-size   02_gpio_output_with_headers.elf 
   text	   data	    bss	    dec	    hex	filename
    876	      8	   1568	   2452	    994	02_gpio_output_with_headers.elf
Finished building: default.size.stdout
 
21:29:59 **** Incremental Build of configuration Debug for project 03_gpio_bsrr ****
make -j8 all 
arm-none-eabi-size   03_gpio_bsrr.elf 
   text	   data	    bss	    dec	    hex	filename
    912	      8	   1568	   2488	    9b8	03_gpio_bsrr.elf
Finished building: default.size.stdout
 
21:29:59 **** Incremental Build of configuration Debug for project 04_gpio_input ****
make -j8 all 
arm-none-eabi-size   04_gpio_input.elf 
   text	   data	    bss	    dec	    hex	filename
    872	      8	   1568	   2448	    990	04_gpio_input.elf
Finished building: default.size.stdout
 
21:29:59 **** Incremental Build of configuration Debug for project 05_uart_tx ****
make -j8 all 
arm-none-eabi-gcc "../Src/main.c" -mcpu=cortex-m3 -std=gnu11 -g3 -DDEBUG -DSTM32 -DSTM32F1 -DSTM32F103C8Tx -c -I../Inc -I"C:/Users/blue/Desktop/stm32/f407_bare_metal/f4-headers/CMSIS/Include" -I"C:/Users/blue/Desktop/stm32/f407_bare_metal/f4-headers/CMSIS/Device/ST/STM32F4xx/Include" -O0 -ffunction-sections -fdata-sections -Wall -fstack-usage -MMD -MP -MF"Src/main.d" -MT"Src/main.o" --specs=nano.specs -mfloat-abi=soft -mthumb -o "Src/main.o"
arm-none-eabi-gcc -o "05_uart_tx.elf" @"objects.list"   -mcpu=cortex-m3 -T"C:\Users\blue\Desktop\stm32\f407_bare_metal\05_uart_tx\STM32F103C8TX_FLASH.ld" --specs=nosys.specs -Wl,-Map="05_uart_tx.map" -Wl,--gc-sections -static --specs=nano.specs -mfloat-abi=soft -mthumb -Wl,--start-group -lc -lm -Wl,--end-group
Finished building target: 05_uart_tx.elf
 
arm-none-eabi-size   05_uart_tx.elf 
arm-none-eabi-objdump -h -S  05_uart_tx.elf  > "05_uart_tx.list"
arm-none-eabi-objcopy  -O binary  05_uart_tx.elf  "05_uart_tx.bin"
   text	   data	    bss	    dec	    hex	filename
    864	      8	   1568	   2440	    988	05_uart_tx.elf
Finished building: default.size.stdout
 
Finished building: 05_uart_tx.bin
Finished building: 05_uart_tx.list
 
 
21:33:23 **** Incremental Build of configuration Debug for project 00_led_toggle ****
make -j8 all 
arm-none-eabi-size   00_led_toggle.elf 
   text	   data	    bss	    dec	    hex	filename
    880	      8	   1568	   2456	    998	00_led_toggle.elf
Finished building: default.size.stdout
 
21:33:24 **** Incremental Build of configuration Debug for project 01_read_user_button ****
make -j8 all 
arm-none-eabi-size   01_read_user_button.elf 
   text	   data	    bss	    dec	    hex	filename
    924	      8	   1568	   2500	    9c4	01_read_user_button.elf
Finished building: default.size.stdout
 
21:33:24 **** Incremental Build of configuration Debug for project 02_gpio_output_with_headers ****
make -j8 all 
arm-none-eabi-size   02_gpio_output_with_headers.elf 
   text	   data	    bss	    dec	    hex	filename
    876	      8	   1568	   2452	    994	02_gpio_output_with_headers.elf
Finished building: default.size.stdout
 
21:33:24 **** Incremental Build of configuration Debug for project 03_gpio_bsrr ****
make -j8 all 
arm-none-eabi-size   03_gpio_bsrr.elf 
   text	   data	    bss	    dec	    hex	filename
    912	      8	   1568	   2488	    9b8	03_gpio_bsrr.elf
Finished building: default.size.stdout
 
21:33:24 **** Incremental Build of configuration Debug for project 04_gpio_input ****
make -j8 all 
arm-none-eabi-size   04_gpio_input.elf 
   text	   data	    bss	    dec	    hex	filename
    872	      8	   1568	   2448	    990	04_gpio_input.elf
Finished building: default.size.stdout
 
21:33:25 **** Incremental Build of configuration Debug for project 05_uart_tx ****
make -j8 all 
arm-none-eabi-gcc "../Src/main.c" -mcpu=cortex-m3 -std=gnu11 -g3 -DDEBUG -DSTM32 -DSTM32F1 -DSTM32F103C8Tx -c -I../Inc -I"C:/Users/blue/Desktop/stm32/f407_bare_metal/f4-headers/CMSIS/Include" -I"C:/Users/blue/Desktop/stm32/f407_bare_metal/f4-headers/CMSIS/Device/ST/STM32F4xx/Include" -O0 -ffunction-sections -fdata-sections -Wall -fstack-usage -MMD -MP -MF"Src/main.d" -MT"Src/main.o" --specs=nano.specs -mfloat-abi=soft -mthumb -o "Src/main.o"
../Src/main.c:97:13: warning: 'uart_set_baudrate' defined but not used [-Wunused-function]
   97 | static void uart_set_baudrate(USART_TypeDef *USARTx, uint32_t PeriphClk, uint32_t baudRate) {
      |             ^~~~~~~~~~~~~~~~~
arm-none-eabi-gcc -o "05_uart_tx.elf" @"objects.list"   -mcpu=cortex-m3 -T"C:\Users\blue\Desktop\stm32\f407_bare_metal\05_uart_tx\STM32F103C8TX_FLASH.ld" --specs=nosys.specs -Wl,-Map="05_uart_tx.map" -Wl,--gc-sections -static --specs=nano.specs -mfloat-abi=soft -mthumb -Wl,--start-group -lc -lm -Wl,--end-group
Finished building target: 05_uart_tx.elf
 
arm-none-eabi-size   05_uart_tx.elf 
arm-none-eabi-objdump -h -S  05_uart_tx.elf  > "05_uart_tx.list"
arm-none-eabi-objcopy  -O binary  05_uart_tx.elf  "05_uart_tx.bin"
   text	   data	    bss	    dec	    hex	filename
    804	      8	   1568	   2380	    94c	05_uart_tx.elf
Finished building: default.size.stdout
 
Finished building: 05_uart_tx.bin
Finished building: 05_uart_tx.list
 
 
21:33:32 **** Incremental Build of configuration Debug for project 05_uart_tx ****
make -j8 all 
arm-none-eabi-size   05_uart_tx.elf 
   text	   data	    bss	    dec	    hex	filename
    804	      8	   1568	   2380	    94c	05_uart_tx.elf
Finished building: default.size.stdout
 
21:34:20 **** Incremental Build of configuration Debug for project 00_led_toggle ****
make -j8 all 
arm-none-eabi-size   00_led_toggle.elf 
   text	   data	    bss	    dec	    hex	filename
    880	      8	   1568	   2456	    998	00_led_toggle.elf
Finished building: default.size.stdout
 
21:34:20 **** Incremental Build of configuration Debug for project 01_read_user_button ****
make -j8 all 
arm-none-eabi-size   01_read_user_button.elf 
   text	   data	    bss	    dec	    hex	filename
    924	      8	   1568	   2500	    9c4	01_read_user_button.elf
Finished building: default.size.stdout
 
21:34:20 **** Incremental Build of configuration Debug for project 02_gpio_output_with_headers ****
make -j8 all 
arm-none-eabi-size   02_gpio_output_with_headers.elf 
   text	   data	    bss	    dec	    hex	filename
    876	      8	   1568	   2452	    994	02_gpio_output_with_headers.elf
Finished building: default.size.stdout
 
21:34:20 **** Incremental Build of configuration Debug for project 03_gpio_bsrr ****
make -j8 all 
arm-none-eabi-size   03_gpio_bsrr.elf 
   text	   data	    bss	    dec	    hex	filename
    912	      8	   1568	   2488	    9b8	03_gpio_bsrr.elf
Finished building: default.size.stdout
 
21:34:21 **** Incremental Build of configuration Debug for project 04_gpio_input ****
make -j8 all 
arm-none-eabi-size   04_gpio_input.elf 
   text	   data	    bss	    dec	    hex	filename
    872	      8	   1568	   2448	    990	04_gpio_input.elf
Finished building: default.size.stdout
 
21:34:21 **** Incremental Build of configuration Debug for project 05_uart_tx ****
make -j8 all 
arm-none-eabi-gcc "../Src/main.c" -mcpu=cortex-m3 -std=gnu11 -g3 -DDEBUG -DSTM32 -DSTM32F1 -DSTM32F103C8Tx -c -I../Inc -I"C:/Users/blue/Desktop/stm32/f407_bare_metal/f4-headers/CMSIS/Include" -I"C:/Users/blue/Desktop/stm32/f407_bare_metal/f4-headers/CMSIS/Device/ST/STM32F4xx/Include" -O0 -ffunction-sections -fdata-sections -Wall -fstack-usage -MMD -MP -MF"Src/main.d" -MT"Src/main.o" --specs=nano.specs -mfloat-abi=soft -mthumb -o "Src/main.o"
../Src/main.c:99:13: warning: 'uart_set_baudrate' defined but not used [-Wunused-function]
   99 | static void uart_set_baudrate(USART_TypeDef *USARTx, uint32_t PeriphClk, uint32_t baudRate) {
      |             ^~~~~~~~~~~~~~~~~
arm-none-eabi-gcc -o "05_uart_tx.elf" @"objects.list"   -mcpu=cortex-m3 -T"C:\Users\blue\Desktop\stm32\f407_bare_metal\05_uart_tx\STM32F103C8TX_FLASH.ld" --specs=nosys.specs -Wl,-Map="05_uart_tx.map" -Wl,--gc-sections -static --specs=nano.specs -mfloat-abi=soft -mthumb -Wl,--start-group -lc -lm -Wl,--end-group
Finished building target: 05_uart_tx.elf
 
arm-none-eabi-size   05_uart_tx.elf 
arm-none-eabi-objdump -h -S  05_uart_tx.elf  > "05_uart_tx.list"
arm-none-eabi-objcopy  -O binary  05_uart_tx.elf  "05_uart_tx.bin"
   text	   data	    bss	    dec	    hex	filename
    832	      8	   1568	   2408	    968	05_uart_tx.elf
Finished building: default.size.stdout
 
Finished building: 05_uart_tx.bin
Finished building: 05_uart_tx.list
 
 
21:34:33 **** Incremental Build of configuration Debug for project 05_uart_tx ****
make -j8 all 
arm-none-eabi-size   05_uart_tx.elf 
   text	   data	    bss	    dec	    hex	filename
    832	      8	   1568	   2408	    968	05_uart_tx.elf
Finished building: default.size.stdout
 
21:35:26 **** Incremental Build of configuration Debug for project 00_led_toggle ****
make -j8 all 
arm-none-eabi-size   00_led_toggle.elf 
   text	   data	    bss	    dec	    hex	filename
    880	      8	   1568	   2456	    998	00_led_toggle.elf
Finished building: default.size.stdout
 
21:35:26 **** Incremental Build of configuration Debug for project 01_read_user_button ****
make -j8 all 
arm-none-eabi-size   01_read_user_button.elf 
   text	   data	    bss	    dec	    hex	filename
    924	      8	   1568	   2500	    9c4	01_read_user_button.elf
Finished building: default.size.stdout
 
21:35:27 **** Incremental Build of configuration Debug for project 02_gpio_output_with_headers ****
make -j8 all 
arm-none-eabi-size   02_gpio_output_with_headers.elf 
   text	   data	    bss	    dec	    hex	filename
    876	      8	   1568	   2452	    994	02_gpio_output_with_headers.elf
Finished building: default.size.stdout
 
21:35:27 **** Incremental Build of configuration Debug for project 03_gpio_bsrr ****
make -j8 all 
arm-none-eabi-size   03_gpio_bsrr.elf 
   text	   data	    bss	    dec	    hex	filename
    912	      8	   1568	   2488	    9b8	03_gpio_bsrr.elf
Finished building: default.size.stdout
 
21:35:27 **** Incremental Build of configuration Debug for project 04_gpio_input ****
make -j8 all 
arm-none-eabi-size   04_gpio_input.elf 
   text	   data	    bss	    dec	    hex	filename
    872	      8	   1568	   2448	    990	04_gpio_input.elf
Finished building: default.size.stdout
 
21:35:27 **** Incremental Build of configuration Debug for project 05_uart_tx ****
make -j8 all 
arm-none-eabi-gcc "../Src/main.c" -mcpu=cortex-m3 -std=gnu11 -g3 -DDEBUG -DSTM32 -DSTM32F1 -DSTM32F103C8Tx -c -I../Inc -I"C:/Users/blue/Desktop/stm32/f407_bare_metal/f4-headers/CMSIS/Include" -I"C:/Users/blue/Desktop/stm32/f407_bare_metal/f4-headers/CMSIS/Device/ST/STM32F4xx/Include" -O0 -ffunction-sections -fdata-sections -Wall -fstack-usage -MMD -MP -MF"Src/main.d" -MT"Src/main.o" --specs=nano.specs -mfloat-abi=soft -mthumb -o "Src/main.o"
../Src/main.c:99:13: warning: 'uart_set_baudrate' defined but not used [-Wunused-function]
   99 | static void uart_set_baudrate(USART_TypeDef *USARTx, uint32_t PeriphClk, uint32_t baudRate) {
      |             ^~~~~~~~~~~~~~~~~
arm-none-eabi-gcc -o "05_uart_tx.elf" @"objects.list"   -mcpu=cortex-m3 -T"C:\Users\blue\Desktop\stm32\f407_bare_metal\05_uart_tx\STM32F103C8TX_FLASH.ld" --specs=nosys.specs -Wl,-Map="05_uart_tx.map" -Wl,--gc-sections -static --specs=nano.specs -mfloat-abi=soft -mthumb -Wl,--start-group -lc -lm -Wl,--end-group
Finished building target: 05_uart_tx.elf
 
arm-none-eabi-size   05_uart_tx.elf 
arm-none-eabi-objdump -h -S  05_uart_tx.elf  > "05_uart_tx.list"
arm-none-eabi-objcopy  -O binary  05_uart_tx.elf  "05_uart_tx.bin"
   text	   data	    bss	    dec	    hex	filename
   1040	     12	   1564	   2616	    a38	05_uart_tx.elf
Finished building: default.size.stdout
 
Finished building: 05_uart_tx.bin
Finished building: 05_uart_tx.list
 
 
21:35:46 **** Incremental Build of configuration Debug for project 05_uart_tx ****
make -j8 all 
arm-none-eabi-size   05_uart_tx.elf 
   text	   data	    bss	    dec	    hex	filename
   1040	     12	   1564	   2616	    a38	05_uart_tx.elf
Finished building: default.size.stdout
 
00:54:38 **** Incremental Build of configuration Debug for project 00_led_toggle ****
make -j8 all 
arm-none-eabi-size   00_led_toggle.elf 
   text	   data	    bss	    dec	    hex	filename
    880	      8	   1568	   2456	    998	00_led_toggle.elf
Finished building: default.size.stdout
 
00:54:39 **** Incremental Build of configuration Debug for project 01_read_user_button ****
make -j8 all 
arm-none-eabi-size   01_read_user_button.elf 
   text	   data	    bss	    dec	    hex	filename
    924	      8	   1568	   2500	    9c4	01_read_user_button.elf
Finished building: default.size.stdout
 
00:54:40 **** Incremental Build of configuration Debug for project 02_gpio_output_with_headers ****
make -j8 all 
arm-none-eabi-size   02_gpio_output_with_headers.elf 
   text	   data	    bss	    dec	    hex	filename
    876	      8	   1568	   2452	    994	02_gpio_output_with_headers.elf
Finished building: default.size.stdout
 
00:54:40 **** Incremental Build of configuration Debug for project 03_gpio_bsrr ****
make -j8 all 
arm-none-eabi-size   03_gpio_bsrr.elf 
   text	   data	    bss	    dec	    hex	filename
    912	      8	   1568	   2488	    9b8	03_gpio_bsrr.elf
Finished building: default.size.stdout
 
00:54:41 **** Incremental Build of configuration Debug for project 04_gpio_input ****
make -j8 all 
arm-none-eabi-size   04_gpio_input.elf 
   text	   data	    bss	    dec	    hex	filename
    872	      8	   1568	   2448	    990	04_gpio_input.elf
Finished building: default.size.stdout
 
00:54:41 **** Incremental Build of configuration Debug for project 05_uart_tx ****
make -j8 all 
arm-none-eabi-gcc "../Src/main.c" -mcpu=cortex-m3 -std=gnu11 -g3 -DDEBUG -DSTM32 -DSTM32F1 -DSTM32F103C8Tx -c -I../Inc -I"C:/Users/blue/Desktop/stm32/f407_bare_metal/f4-headers/CMSIS/Include" -I"C:/Users/blue/Desktop/stm32/f407_bare_metal/f4-headers/CMSIS/Device/ST/STM32F4xx/Include" -O0 -ffunction-sections -fdata-sections -Wall -fstack-usage -MMD -MP -MF"Src/main.d" -MT"Src/main.o" --specs=nano.specs -mfloat-abi=soft -mthumb -o "Src/main.o"
../Src/main.c: In function 'main':
../Src/main.c:26:10: warning: unused variable 'clk_source' [-Wunused-variable]
   26 |  uint8_t clk_source = RCC_GetSYSCLKSource();
[...]
   22 | void usart2_test(uint8_t *pMsg, uint8_t msgLen);
      |                  ~~~~~~~~~^~~~
../Src/main.c: At top level:
../Src/main.c:105:6: error: conflicting types for 'usart2_test'
  105 | void usart2_test(char *pMsg, uint8_t msgLen) {
      |      ^~~~~~~~~~~
../Src/main.c:22:6: note: previous declaration of 'usart2_test' was here
   22 | void usart2_test(uint8_t *pMsg, uint8_t msgLen);
      |      ^~~~~~~~~~~
make: *** [Src/subdir.mk:25: Src/main.o] Error 1
"make -j8 all" terminated with exit code 2. Build might be incomplete.
02:28:36 **** Incremental Build of configuration Debug for project 00_led_toggle ****
make -j8 all 
arm-none-eabi-size   00_led_toggle.elf 
   text	   data	    bss	    dec	    hex	filename
    880	      8	   1568	   2456	    998	00_led_toggle.elf
Finished building: default.size.stdout
 
02:28:36 **** Incremental Build of configuration Debug for project 01_read_user_button ****
make -j8 all 
arm-none-eabi-size   01_read_user_button.elf 
   text	   data	    bss	    dec	    hex	filename
    924	      8	   1568	   2500	    9c4	01_read_user_button.elf
Finished building: default.size.stdout
 
02:28:37 **** Incremental Build of configuration Debug for project 02_gpio_output_with_headers ****
make -j8 all 
arm-none-eabi-size   02_gpio_output_with_headers.elf 
   text	   data	    bss	    dec	    hex	filename
    876	      8	   1568	   2452	    994	02_gpio_output_with_headers.elf
Finished building: default.size.stdout
 
02:28:37 **** Incremental Build of configuration Debug for project 03_gpio_bsrr ****
make -j8 all 
arm-none-eabi-size   03_gpio_bsrr.elf 
   text	   data	    bss	    dec	    hex	filename
    912	      8	   1568	   2488	    9b8	03_gpio_bsrr.elf
Finished building: default.size.stdout
 
02:28:37 **** Incremental Build of configuration Debug for project 04_gpio_input ****
make -j8 all 
arm-none-eabi-size   04_gpio_input.elf 
   text	   data	    bss	    dec	    hex	filename
    872	      8	   1568	   2448	    990	04_gpio_input.elf
Finished building: default.size.stdout
 
02:28:37 **** Incremental Build of configuration Debug for project 05_uart_tx ****
make -j8 all 
arm-none-eabi-gcc "../Src/main.c" -mcpu=cortex-m3 -std=gnu11 -g3 -DDEBUG -DSTM32 -DSTM32F1 -DSTM32F103C8Tx -c -I../Inc -I"C:/Users/blue/Desktop/stm32/f407_bare_metal/f4-headers/CMSIS/Include" -I"C:/Users/blue/Desktop/stm32/f407_bare_metal/f4-headers/CMSIS/Device/ST/STM32F4xx/Include" -O0 -ffunction-sections -fdata-sections -Wall -fstack-usage -MMD -MP -MF"Src/main.d" -MT"Src/main.o" --specs=nano.specs -mfloat-abi=soft -mthumb -o "Src/main.o"
../Src/main.c: In function 'main':
../Src/main.c:41:27: warning: pointer targets in passing argument 1 of 'strlen' differ in signedness [-Wpointer-sign]
   41 |  usart2_test(*msg, strlen(msg));
      |                           ^~~
      |                           |
      |                           uint8_t * {aka unsigned char *}
In file included from ../Src/main.c:2:
c:\st\stm32cubeide_1.7.0\stm32cubeide\plugins\com.st.stm32cube.ide.mcu.externaltools.gnu-tools-for-stm32.9-2020-q2-update.win32_2.0.0.202105311346\tools\arm-none-eabi\include\string.h:41:17: note: expected 'const char *' but argument is of type 'uint8_t *' {aka 'unsigned char *'}
   41 | size_t  strlen (const char *);
      |                 ^~~~~~~~~~~~
../Src/main.c:41:14: warning: passing argument 1 of 'usart2_test' makes pointer from integer without a cast [-Wint-conversion]
   41 |  usart2_test(*msg, strlen(msg));
      |              ^~~~
      |              |
      |              uint8_t {aka unsigned char}
../Src/main.c:22:27: note: expected 'uint8_t *' {aka 'unsigned char *'} but argument is of type 'uint8_t' {aka 'unsigned char'}
   22 | void usart2_test(uint8_t *pMsg, uint8_t msgLen);
      |                  ~~~~~~~~~^~~~
arm-none-eabi-gcc -o "05_uart_tx.elf" @"objects.list"   -mcpu=cortex-m3 -T"C:\Users\blue\Desktop\stm32\f407_bare_metal\05_uart_tx\STM32F103C8TX_FLASH.ld" --specs=nosys.specs -Wl,-Map="05_uart_tx.map" -Wl,--gc-sections -static --specs=nano.specs -mfloat-abi=soft -mthumb -Wl,--start-group -lc -lm -Wl,--end-group
Finished building target: 05_uart_tx.elf
 
arm-none-eabi-size   05_uart_tx.elf 
arm-none-eabi-objdump -h -S  05_uart_tx.elf  > "05_uart_tx.list"
arm-none-eabi-objcopy  -O binary  05_uart_tx.elf  "05_uart_tx.bin"
   text	   data	    bss	    dec	    hex	filename
   1248	      8	   1568	   2824	    b08	05_uart_tx.elf
Finished building: default.size.stdout
 
Finished building: 05_uart_tx.bin
Finished building: 05_uart_tx.list
 
 
02:28:44 **** Incremental Build of configuration Debug for project 05_uart_tx ****
make -j8 all 
arm-none-eabi-size   05_uart_tx.elf 
   text	   data	    bss	    dec	    hex	filename
   1248	      8	   1568	   2824	    b08	05_uart_tx.elf
Finished building: default.size.stdout
 
02:29:26 **** Incremental Build of configuration Debug for project 00_led_toggle ****
make -j8 all 
arm-none-eabi-size   00_led_toggle.elf 
   text	   data	    bss	    dec	    hex	filename
    880	      8	   1568	   2456	    998	00_led_toggle.elf
Finished building: default.size.stdout
 
02:29:26 **** Incremental Build of configuration Debug for project 01_read_user_button ****
make -j8 all 
arm-none-eabi-size   01_read_user_button.elf 
   text	   data	    bss	    dec	    hex	filename
    924	      8	   1568	   2500	    9c4	01_read_user_button.elf
Finished building: default.size.stdout
 
02:29:26 **** Incremental Build of configuration Debug for project 02_gpio_output_with_headers ****
make -j8 all 
arm-none-eabi-size   02_gpio_output_with_headers.elf 
   text	   data	    bss	    dec	    hex	filename
    876	      8	   1568	   2452	    994	02_gpio_output_with_headers.elf
Finished building: default.size.stdout
 
02:29:26 **** Incremental Build of configuration Debug for project 03_gpio_bsrr ****
make -j8 all 
arm-none-eabi-size   03_gpio_bsrr.elf 
   text	   data	    bss	    dec	    hex	filename
    912	      8	   1568	   2488	    9b8	03_gpio_bsrr.elf
Finished building: default.size.stdout
 
02:29:27 **** Incremental Build of configuration Debug for project 04_gpio_input ****
make -j8 all 
arm-none-eabi-size   04_gpio_input.elf 
   text	   data	    bss	    dec	    hex	filename
    872	      8	   1568	   2448	    990	04_gpio_input.elf
Finished building: default.size.stdout
 
02:29:27 **** Incremental Build of configuration Debug for project 05_uart_tx ****
make -j8 all 
arm-none-eabi-gcc "../Src/main.c" -mcpu=cortex-m3 -std=gnu11 -g3 -DDEBUG -DSTM32 -DSTM32F1 -DSTM32F103C8Tx -c -I../Inc -I"C:/Users/blue/Desktop/stm32/f407_bare_metal/f4-headers/CMSIS/Include" -I"C:/Users/blue/Desktop/stm32/f407_bare_metal/f4-headers/CMSIS/Device/ST/STM32F4xx/Include" -O0 -ffunction-sections -fdata-sections -Wall -fstack-usage -MMD -MP -MF"Src/main.d" -MT"Src/main.o" --specs=nano.specs -mfloat-abi=soft -mthumb -o "Src/main.o"
../Src/main.c: In function 'main':
../Src/main.c:41:36: warning: pointer targets in passing argument 1 of 'strlen' differ in signedness [-Wpointer-sign]
   41 |  usart2_test((uint8_t*)msg, strlen(msg));
      |                                    ^~~
      |                                    |
      |                                    uint8_t * {aka unsigned char *}
In file included from ../Src/main.c:2:
c:\st\stm32cubeide_1.7.0\stm32cubeide\plugins\com.st.stm32cube.ide.mcu.externaltools.gnu-tools-for-stm32.9-2020-q2-update.win32_2.0.0.202105311346\tools\arm-none-eabi\include\string.h:41:17: note: expected 'const char *' but argument is of type 'uint8_t *' {aka 'unsigned char *'}
   41 | size_t  strlen (const char *);
      |                 ^~~~~~~~~~~~
arm-none-eabi-gcc -o "05_uart_tx.elf" @"objects.list"   -mcpu=cortex-m3 -T"C:\Users\blue\Desktop\stm32\f407_bare_metal\05_uart_tx\STM32F103C8TX_FLASH.ld" --specs=nosys.specs -Wl,-Map="05_uart_tx.map" -Wl,--gc-sections -static --specs=nano.specs -mfloat-abi=soft -mthumb -Wl,--start-group -lc -lm -Wl,--end-group
Finished building target: 05_uart_tx.elf
 
arm-none-eabi-size   05_uart_tx.elf 
arm-none-eabi-objdump -h -S  05_uart_tx.elf  > "05_uart_tx.list"
arm-none-eabi-objcopy  -O binary  05_uart_tx.elf  "05_uart_tx.bin"
   text	   data	    bss	    dec	    hex	filename
   1244	      8	   1568	   2820	    b04	05_uart_tx.elf
Finished building: default.size.stdout
 
Finished building: 05_uart_tx.bin
Finished building: 05_uart_tx.list
 
 
02:29:32 **** Incremental Build of configuration Debug for project 05_uart_tx ****
make -j8 all 
arm-none-eabi-size   05_uart_tx.elf 
   text	   data	    bss	    dec	    hex	filename
   1244	      8	   1568	   2820	    b04	05_uart_tx.elf
Finished building: default.size.stdout
 
02:34:38 **** Incremental Build of configuration Debug for project 00_led_toggle ****
make -j8 all 
arm-none-eabi-size   00_led_toggle.elf 
   text	   data	    bss	    dec	    hex	filename
    880	      8	   1568	   2456	    998	00_led_toggle.elf
Finished building: default.size.stdout
 
02:34:39 **** Incremental Build of configuration Debug for project 01_read_user_button ****
make -j8 all 
arm-none-eabi-size   01_read_user_button.elf 
   text	   data	    bss	    dec	    hex	filename
    924	      8	   1568	   2500	    9c4	01_read_user_button.elf
Finished building: default.size.stdout
 
02:34:39 **** Incremental Build of configuration Debug for project 02_gpio_output_with_headers ****
make -j8 all 
arm-none-eabi-size   02_gpio_output_with_headers.elf 
   text	   data	    bss	    dec	    hex	filename
    876	      8	   1568	   2452	    994	02_gpio_output_with_headers.elf
Finished building: default.size.stdout
 
02:34:39 **** Incremental Build of configuration Debug for project 03_gpio_bsrr ****
make -j8 all 
arm-none-eabi-size   03_gpio_bsrr.elf 
   text	   data	    bss	    dec	    hex	filename
    912	      8	   1568	   2488	    9b8	03_gpio_bsrr.elf
Finished building: default.size.stdout
 
02:34:39 **** Incremental Build of configuration Debug for project 04_gpio_input ****
make -j8 all 
arm-none-eabi-size   04_gpio_input.elf 
   text	   data	    bss	    dec	    hex	filename
    872	      8	   1568	   2448	    990	04_gpio_input.elf
Finished building: default.size.stdout
 
02:34:40 **** Incremental Build of configuration Debug for project 05_uart_tx ****
make -j8 all 
arm-none-eabi-gcc "../Src/main.c" -mcpu=cortex-m3 -std=gnu11 -g3 -DDEBUG -DSTM32 -DSTM32F1 -DSTM32F103C8Tx -c -I../Inc -I"C:/Users/blue/Desktop/stm32/f407_bare_metal/f4-headers/CMSIS/Include" -I"C:/Users/blue/Desktop/stm32/f407_bare_metal/f4-headers/CMSIS/Device/ST/STM32F4xx/Include" -O0 -ffunction-sections -fdata-sections -Wall -fstack-usage -MMD -MP -MF"Src/main.d" -MT"Src/main.o" --specs=nano.specs -mfloat-abi=soft -mthumb -o "Src/main.o"
../Src/main.c: In function 'main':
../Src/main.c:40:36: warning: pointer targets in passing argument 1 of 'strlen' differ in signedness [-Wpointer-sign]
   40 |  usart2_test((uint8_t*)msg, strlen(msg));
      |                                    ^~~
      |                                    |
      |                                    uint8_t * {aka unsigned char *}
In file included from ../Src/main.c:2:
c:\st\stm32cubeide_1.7.0\stm32cubeide\plugins\com.st.stm32cube.ide.mcu.externaltools.gnu-tools-for-stm32.9-2020-q2-update.win32_2.0.0.202105311346\tools\arm-none-eabi\include\string.h:41:17: note: expected 'const char *' but argument is of type 'uint8_t *' {aka 'unsigned char *'}
   41 | size_t  strlen (const char *);
      |                 ^~~~~~~~~~~~
arm-none-eabi-gcc -o "05_uart_tx.elf" @"objects.list"   -mcpu=cortex-m3 -T"C:\Users\blue\Desktop\stm32\f407_bare_metal\05_uart_tx\STM32F103C8TX_FLASH.ld" --specs=nosys.specs -Wl,-Map="05_uart_tx.map" -Wl,--gc-sections -static --specs=nano.specs -mfloat-abi=soft -mthumb -Wl,--start-group -lc -lm -Wl,--end-group
Finished building target: 05_uart_tx.elf
 
arm-none-eabi-size   05_uart_tx.elf 
arm-none-eabi-objdump -h -S  05_uart_tx.elf  > "05_uart_tx.list"
arm-none-eabi-objcopy  -O binary  05_uart_tx.elf  "05_uart_tx.bin"
   text	   data	    bss	    dec	    hex	filename
   1264	      8	   1568	   2840	    b18	05_uart_tx.elf
Finished building: default.size.stdout
 
Finished building: 05_uart_tx.bin
Finished building: 05_uart_tx.list
 
 
02:34:46 **** Incremental Build of configuration Debug for project 05_uart_tx ****
make -j8 all 
arm-none-eabi-size   05_uart_tx.elf 
   text	   data	    bss	    dec	    hex	filename
   1264	      8	   1568	   2840	    b18	05_uart_tx.elf
Finished building: default.size.stdout
 
02:43:25 **** Build of configuration Debug for project 05_usart_tx ****
make -j8 all 
arm-none-eabi-gcc -mcpu=cortex-m4 -g3 -DDEBUG -c -x assembler-with-cpp -MMD -MP -MF"Startup/startup_stm32f407vgtx.d" -MT"Startup/startup_stm32f407vgtx.o" --specs=nano.specs -mfpu=fpv4-sp-d16 -mfloat-abi=hard -mthumb -o "Startup/startup_stm32f407vgtx.o" "../Startup/startup_stm32f407vgtx.s"
arm-none-eabi-gcc "../Src/main.c" -mcpu=cortex-m4 -std=gnu11 -g3 -DDEBUG -DSTM32 -DSTM32F4 -DSTM32F407VGTx -c -I../Inc -I"C:/Users/blue/Desktop/stm32/f407_bare_metal/f4-headers/CMSIS/Include" -I"C:/Users/blue/Desktop/stm32/f407_bare_metal/f4-headers/CMSIS/Device/ST/STM32F4xx/Include" -O0 -ffunction-sections -fdata-sections -Wall -fstack-usage -MMD -MP -MF"Src/main.d" -MT"Src/main.o" --specs=nano.specs -mfpu=fpv4-sp-d16 -mfloat-abi=hard -mthumb -o "Src/main.o"
arm-none-eabi-gcc "../Src/syscalls.c" -mcpu=cortex-m4 -std=gnu11 -g3 -DDEBUG -DSTM32 -DSTM32F4 -DSTM32F407VGTx -c -I../Inc -I"C:/Users/blue/Desktop/stm32/f407_bare_metal/f4-headers/CMSIS/Include" -I"C:/Users/blue/Desktop/stm32/f407_bare_metal/f4-headers/CMSIS/Device/ST/STM32F4xx/Include" -O0 -ffunction-sections -fdata-sections -Wall -fstack-usage -MMD -MP -MF"Src/syscalls.d" -MT"Src/syscalls.o" --specs=nano.specs -mfpu=fpv4-sp-d16 -mfloat-abi=hard -mthumb -o "Src/syscalls.o"
arm-none-eabi-gcc "../Src/sysmem.c" -mcpu=cortex-m4 -std=gnu11 -g3 -DDEBUG -DSTM32 -DSTM32F4 -DSTM32F407VGTx -c -I../Inc -I"C:/Users/blue/Desktop/stm32/f407_bare_metal/f4-headers/CMSIS/Include" -I"C:/Users/blue/Desktop/stm32/f407_bare_metal/f4-headers/CMSIS/Device/ST/STM32F4xx/Include" -O0 -ffunction-sections -fdata-sections -Wall -fstack-usage -MMD -MP -MF"Src/sysmem.d" -MT"Src/sysmem.o" --specs=nano.specs -mfpu=fpv4-sp-d16 -mfloat-abi=hard -mthumb -o "Src/sysmem.o"
../Src/main.c: In function 'main':
../Src/main.c:40:36: warning: pointer targets in passing argument 1 of 'strlen' differ in signedness [-Wpointer-sign]
   40 |  usart2_test((uint8_t*)msg, strlen(msg));
      |                                    ^~~
      |                                    |
      |                                    uint8_t * {aka unsigned char *}
In file included from ../Src/main.c:2:
c:\st\stm32cubeide_1.7.0\stm32cubeide\plugins\com.st.stm32cube.ide.mcu.externaltools.gnu-tools-for-stm32.9-2020-q2-update.win32_2.0.0.202105311346\tools\arm-none-eabi\include\string.h:41:17: note: expected 'const char *' but argument is of type 'uint8_t *' {aka 'unsigned char *'}
   41 | size_t  strlen (const char *);
      |                 ^~~~~~~~~~~~
arm-none-eabi-gcc -o "05_usart_tx.elf" @"objects.list"   -mcpu=cortex-m4 -T"C:\Users\blue\Desktop\stm32\f407_bare_metal\05_usart_tx\STM32F407VGTX_FLASH.ld" --specs=nosys.specs -Wl,-Map="05_usart_tx.map" -Wl,--gc-sections -static --specs=nano.specs -mfpu=fpv4-sp-d16 -mfloat-abi=hard -mthumb -Wl,--start-group -lc -lm -Wl,--end-group
Finished building target: 05_usart_tx.elf
 
arm-none-eabi-size   05_usart_tx.elf 
arm-none-eabi-objdump -h -S  05_usart_tx.elf  > "05_usart_tx.list"
arm-none-eabi-objcopy  -O binary  05_usart_tx.elf  "05_usart_tx.bin"
   text	   data	    bss	    dec	    hex	filename
   1376	      8	   1568	   2952	    b88	05_usart_tx.elf
Finished building: default.size.stdout
 
Finished building: 05_usart_tx.list
Finished building: 05_usart_tx.bin
 
 
02:43:35 **** Incremental Build of configuration Debug for project 05_usart_tx ****
make -j8 all 
arm-none-eabi-size   05_usart_tx.elf 
   text	   data	    bss	    dec	    hex	filename
   1376	      8	   1568	   2952	    b88	05_usart_tx.elf
Finished building: default.size.stdout
 
02:46:32 **** Incremental Build of configuration Debug for project 00_led_toggle ****
make -j8 all 
arm-none-eabi-size   00_led_toggle.elf 
   text	   data	    bss	    dec	    hex	filename
    880	      8	   1568	   2456	    998	00_led_toggle.elf
Finished building: default.size.stdout
 
02:46:33 **** Incremental Build of configuration Debug for project 01_read_user_button ****
make -j8 all 
arm-none-eabi-size   01_read_user_button.elf 
   text	   data	    bss	    dec	    hex	filename
    924	      8	   1568	   2500	    9c4	01_read_user_button.elf
Finished building: default.size.stdout
 
02:46:33 **** Incremental Build of configuration Debug for project 02_gpio_output_with_headers ****
make -j8 all 
arm-none-eabi-size   02_gpio_output_with_headers.elf 
   text	   data	    bss	    dec	    hex	filename
    876	      8	   1568	   2452	    994	02_gpio_output_with_headers.elf
Finished building: default.size.stdout
 
02:46:33 **** Incremental Build of configuration Debug for project 03_gpio_bsrr ****
make -j8 all 
arm-none-eabi-size   03_gpio_bsrr.elf 
   text	   data	    bss	    dec	    hex	filename
    912	      8	   1568	   2488	    9b8	03_gpio_bsrr.elf
Finished building: default.size.stdout
 
02:46:33 **** Incremental Build of configuration Debug for project 04_gpio_input ****
make -j8 all 
arm-none-eabi-size   04_gpio_input.elf 
   text	   data	    bss	    dec	    hex	filename
    872	      8	   1568	   2448	    990	04_gpio_input.elf
Finished building: default.size.stdout
 
02:46:34 **** Incremental Build of configuration Debug for project 05_usart_tx ****
make -j8 all 
arm-none-eabi-gcc "../Src/main.c" -mcpu=cortex-m4 -std=gnu11 -g3 -DDEBUG -DSTM32 -DSTM32F4 -DSTM32F407VGTx -c -I../Inc -I"C:/Users/blue/Desktop/stm32/f407_bare_metal/f4-headers/CMSIS/Include" -I"C:/Users/blue/Desktop/stm32/f407_bare_metal/f4-headers/CMSIS/Device/ST/STM32F4xx/Include" -O0 -ffunction-sections -fdata-sections -Wall -fstack-usage -MMD -MP -MF"Src/main.d" -MT"Src/main.o" --specs=nano.specs -mfpu=fpv4-sp-d16 -mfloat-abi=hard -mthumb -o "Src/main.o"
../Src/main.c: In function 'main':
../Src/main.c:40:36: warning: pointer targets in passing argument 1 of 'strlen' differ in signedness [-Wpointer-sign]
   40 |  usart2_test((uint8_t*)msg, strlen(msg));
      |                                    ^~~
      |                                    |
      |                                    uint8_t * {aka unsigned char *}
In file included from ../Src/main.c:2:
c:\st\stm32cubeide_1.7.0\stm32cubeide\plugins\com.st.stm32cube.ide.mcu.externaltools.gnu-tools-for-stm32.9-2020-q2-update.win32_2.0.0.202105311346\tools\arm-none-eabi\include\string.h:41:17: note: expected 'const char *' but argument is of type 'uint8_t *' {aka 'unsigned char *'}
   41 | size_t  strlen (const char *);
      |                 ^~~~~~~~~~~~
arm-none-eabi-gcc -o "05_usart_tx.elf" @"objects.list"   -mcpu=cortex-m4 -T"C:\Users\blue\Desktop\stm32\f407_bare_metal\05_usart_tx\STM32F407VGTX_FLASH.ld" --specs=nosys.specs -Wl,-Map="05_usart_tx.map" -Wl,--gc-sections -static --specs=nano.specs -mfpu=fpv4-sp-d16 -mfloat-abi=hard -mthumb -Wl,--start-group -lc -lm -Wl,--end-group
Finished building target: 05_usart_tx.elf
 
arm-none-eabi-size   05_usart_tx.elf 
arm-none-eabi-objdump -h -S  05_usart_tx.elf  > "05_usart_tx.list"
arm-none-eabi-objcopy  -O binary  05_usart_tx.elf  "05_usart_tx.bin"
   text	   data	    bss	    dec	    hex	filename
   1376	      8	   1568	   2952	    b88	05_usart_tx.elf
Finished building: default.size.stdout
 
Finished building: 05_usart_tx.bin
Finished building: 05_usart_tx.list
 
 
02:46:38 **** Incremental Build of configuration Debug for project 05_usart_tx ****
make -j8 all 
arm-none-eabi-size   05_usart_tx.elf 
   text	   data	    bss	    dec	    hex	filename
   1376	      8	   1568	   2952	    b88	05_usart_tx.elf
Finished building: default.size.stdout
 
